Archive member included because of file (symbol)

c:/freescale/kds_v3/toolchain/bin/../lib/gcc/arm-none-eabi/4.8.4/../../../../arm-none-eabi/lib/armv6-m\libstdc++_s.a(eh_arm.o)
                              ./Sources/ControlService.o (__cxa_end_cleanup)
c:/freescale/kds_v3/toolchain/bin/../lib/gcc/arm-none-eabi/4.8.4/../../../../arm-none-eabi/lib/armv6-m\libstdc++_s.a(eh_terminate.o)
                              c:/freescale/kds_v3/toolchain/bin/../lib/gcc/arm-none-eabi/4.8.4/../../../../arm-none-eabi/lib/armv6-m\libstdc++_s.a(eh_arm.o) (std::terminate())
c:/freescale/kds_v3/toolchain/bin/../lib/gcc/arm-none-eabi/4.8.4/../../../../arm-none-eabi/lib/armv6-m\libstdc++_s.a(new_op.o)
                              ./Sources/ControlService.o (operator new(unsigned int))
c:/freescale/kds_v3/toolchain/bin/../lib/gcc/arm-none-eabi/4.8.4/../../../../arm-none-eabi/lib/armv6-m\libstdc++_s.a(del_op.o)
                              ./Sources/ControlService.o (operator delete(void*))
c:/freescale/kds_v3/toolchain/bin/../lib/gcc/arm-none-eabi/4.8.4/../../../../arm-none-eabi/lib/armv6-m\libstdc++_s.a(new_handler.o)
                              c:/freescale/kds_v3/toolchain/bin/../lib/gcc/arm-none-eabi/4.8.4/../../../../arm-none-eabi/lib/armv6-m\libstdc++_s.a(new_op.o) (__new_handler)
c:/freescale/kds_v3/toolchain/bin/../lib/gcc/arm-none-eabi/4.8.4/../../../../arm-none-eabi/lib/armv6-m\libstdc++_s.a(eh_unex_handler.o)
                              c:/freescale/kds_v3/toolchain/bin/../lib/gcc/arm-none-eabi/4.8.4/../../../../arm-none-eabi/lib/armv6-m\libstdc++_s.a(eh_terminate.o) (__cxxabiv1::__unexpected_handler)
c:/freescale/kds_v3/toolchain/bin/../lib/gcc/arm-none-eabi/4.8.4/../../../../arm-none-eabi/lib/armv6-m\libstdc++_s.a(eh_personality.o)
                              ./Sources/ControlService.o (__gxx_personality_v0)
c:/freescale/kds_v3/toolchain/bin/../lib/gcc/arm-none-eabi/4.8.4/../../../../arm-none-eabi/lib/armv6-m\libstdc++_s.a(eh_globals.o)
                              c:/freescale/kds_v3/toolchain/bin/../lib/gcc/arm-none-eabi/4.8.4/../../../../arm-none-eabi/lib/armv6-m\libstdc++_s.a(eh_arm.o) (__cxa_get_globals)
c:/freescale/kds_v3/toolchain/bin/../lib/gcc/arm-none-eabi/4.8.4/../../../../arm-none-eabi/lib/armv6-m\libstdc++_s.a(eh_term_handler.o)
                              c:/freescale/kds_v3/toolchain/bin/../lib/gcc/arm-none-eabi/4.8.4/../../../../arm-none-eabi/lib/armv6-m\libstdc++_s.a(eh_terminate.o) (__cxxabiv1::__terminate_handler)
c:/freescale/kds_v3/toolchain/bin/../lib/gcc/arm-none-eabi/4.8.4/../../../../arm-none-eabi/lib/armv6-m\libstdc++_s.a(vterminate.o)
                              c:/freescale/kds_v3/toolchain/bin/../lib/gcc/arm-none-eabi/4.8.4/../../../../arm-none-eabi/lib/armv6-m\libstdc++_s.a(eh_term_handler.o) (__gnu_cxx::__verbose_terminate_handler())
c:/freescale/kds_v3/toolchain/bin/../lib/gcc/arm-none-eabi/4.8.4/../../../../arm-none-eabi/lib/armv6-m\libstdc++_s.a(eh_type.o)
                              c:/freescale/kds_v3/toolchain/bin/../lib/gcc/arm-none-eabi/4.8.4/../../../../arm-none-eabi/lib/armv6-m\libstdc++_s.a(vterminate.o) (__cxa_current_exception_type)
c:/freescale/kds_v3/toolchain/bin/../lib/gcc/arm-none-eabi/4.8.4/../../../../arm-none-eabi/lib/armv6-m\libstdc++_s.a(eh_exception.o)
                              c:/freescale/kds_v3/toolchain/bin/../lib/gcc/arm-none-eabi/4.8.4/../../../../arm-none-eabi/lib/armv6-m\libstdc++_s.a(eh_arm.o) (typeinfo for __cxxabiv1::__forced_unwind)
c:/freescale/kds_v3/toolchain/bin/../lib/gcc/arm-none-eabi/4.8.4/../../../../arm-none-eabi/lib/armv6-m\libstdc++_s.a(pure.o)
                              c:/freescale/kds_v3/toolchain/bin/../lib/gcc/arm-none-eabi/4.8.4/../../../../arm-none-eabi/lib/armv6-m\libstdc++_s.a(eh_exception.o) (__cxa_pure_virtual)
c:/freescale/kds_v3/toolchain/bin/../lib/gcc/arm-none-eabi/4.8.4/../../../../arm-none-eabi/lib/armv6-m\libstdc++_s.a(eh_call.o)
                              c:/freescale/kds_v3/toolchain/bin/../lib/gcc/arm-none-eabi/4.8.4/../../../../arm-none-eabi/lib/armv6-m\libstdc++_s.a(eh_personality.o) (__cxa_call_terminate)
c:/freescale/kds_v3/toolchain/bin/../lib/gcc/arm-none-eabi/4.8.4/../../../../arm-none-eabi/lib/armv6-m\libstdc++_s.a(cp-demangle.o)
                              c:/freescale/kds_v3/toolchain/bin/../lib/gcc/arm-none-eabi/4.8.4/../../../../arm-none-eabi/lib/armv6-m\libstdc++_s.a(vterminate.o) (__cxa_demangle)
c:/freescale/kds_v3/toolchain/bin/../lib/gcc/arm-none-eabi/4.8.4/../../../../arm-none-eabi/lib/armv6-m\libstdc++_s.a(eh_catch.o)
                              c:/freescale/kds_v3/toolchain/bin/../lib/gcc/arm-none-eabi/4.8.4/../../../../arm-none-eabi/lib/armv6-m\libstdc++_s.a(eh_call.o) (__cxa_begin_catch)
c:/freescale/kds_v3/toolchain/bin/../lib/gcc/arm-none-eabi/4.8.4/../../../../arm-none-eabi/lib/armv6-m\libstdc++_s.a(class_type_info.o)
[...]
Memory Configuration

Name             Origin             Length             Attributes
m_interrupts     0x00000000         0x00000100         xr
m_flash_config   0x00000400         0x00000010         xr
m_text           0x00000410         0x0001fbf0         xr
m_data           0x1ffff000         0x00004000         rw
*default*        0x00000000         0xffffffff

Linker script and memory map

LOAD c:/freescale/kds_v3/toolchain/bin/../lib/gcc/arm-none-eabi/4.8.4/armv6-m/crti.o
LOAD c:/freescale/kds_v3/toolchain/bin/../lib/gcc/arm-none-eabi/4.8.4/armv6-m/crtbegin.o
LOAD c:/freescale/kds_v3/toolchain/bin/../lib/gcc/arm-none-eabi/4.8.4/../../../../arm-none-eabi/lib/armv6-m/crt0.o
LOAD ./Sources/Botao.o
LOAD ./Sources/Comparador.o
LOAD ./Sources/Contador.o
LOAD ./Sources/ControlService.o
LOAD ./Sources/CountService.o
LOAD ./Sources/FlipFlop.o
LOAD ./Sources/Led.o
LOAD ./Sources/OnOffService.o
LOAD ./Sources/SortService.o
LOAD ./Sources/Temporizador.o
LOAD ./Sources/TurnOffLedService.o
LOAD ./Sources/delay.o
LOAD ./Sources/mkl_GPIO.o
LOAD ./Sources/mkl_GPIOPort.o
LOAD ./Sources/mkl_Systick.o
LOAD ./Sources/mkl_SystickPeriodicInterrupt.o
LOAD ./Project_Settings/Startup_Code/startup_MKL25Z4.o
LOAD ./Project_Settings/Startup_Code/system_MKL25Z4.o
LOAD ./.metadata/.plugins/org.eclipse.cdt.managedbuilder.core/spec.o
LOAD ./.metadata/.plugins/org.eclipse.cdt.make.core/specs.o
LOAD ./main.o
LOAD c:/freescale/kds_v3/toolchain/bin/../lib/gcc/arm-none-eabi/4.8.4/../../../../arm-none-eabi/lib/armv6-m\libstdc++_s.a
LOAD c:/freescale/kds_v3/toolchain/bin/../lib/gcc/arm-none-eabi/4.8.4/../../../../arm-none-eabi/lib/armv6-m\libm.a
START GROUP
LOAD c:/freescale/kds_v3/toolchain/bin/../lib/gcc/arm-none-eabi/4.8.4/armv6-m\libgcc.a
LOAD c:/freescale/kds_v3/toolchain/bin/../lib/gcc/arm-none-eabi/4.8.4/../../../../arm-none-eabi/lib/armv6-m\libg_s.a
LOAD c:/freescale/kds_v3/toolchain/bin/../lib/gcc/arm-none-eabi/4.8.4/../../../../arm-none-eabi/lib/armv6-m\libc_s.a
END GROUP
START GROUP
LOAD c:/freescale/kds_v3/toolchain/bin/../lib/gcc/arm-none-eabi/4.8.4/armv6-m\libgcc.a
LOAD c:/freescale/kds_v3/toolchain/bin/../lib/gcc/arm-none-eabi/4.8.4/../../../../arm-none-eabi/lib/armv6-m\libc_s.a
LOAD c:/freescale/kds_v3/toolchain/bin/../lib/gcc/arm-none-eabi/4.8.4/../../../../arm-none-eabi/lib/armv6-m\libnosys.a
END GROUP
START GROUP
LOAD c:/freescale/kds_v3/toolchain/bin/../lib/gcc/arm-none-eabi/4.8.4/armv6-m\libgcc.a
LOAD c:/freescale/kds_v3/toolchain/bin/../lib/gcc/arm-none-eabi/4.8.4/../../../../arm-none-eabi/lib/armv6-m\libc_s.a
LOAD c:/freescale/kds_v3/toolchain/bin/../lib/gcc/arm-none-eabi/4.8.4/../../../../arm-none-eabi/lib/armv6-m\libnosys.a
END GROUP
LOAD c:/freescale/kds_v3/toolchain/bin/../lib/gcc/arm-none-eabi/4.8.4/armv6-m/crtend.o
LOAD c:/freescale/kds_v3/toolchain/bin/../lib/gcc/arm-none-eabi/4.8.4/armv6-m/crtn.o
                0x00000400                HEAP_SIZE = DEFINED (__heap_size__)?__heap_size__:0x400
                0x00000400                STACK_SIZE = DEFINED (__stack_size__)?__stack_size__:0x400

.interrupts     0x00000000       0xc0
                0x00000000                __VECTOR_TABLE = .
                0x00000000                . = ALIGN (0x4)
 *(.isr_vector)
 .isr_vector    0x00000000       0xc0 ./Project_Settings/Startup_Code/startup_MKL25Z4.o
                0x00000000                __isr_vector
                0x000000c0                . = ALIGN (0x4)

.flash_config   0x00000400       0x10
                0x00000400                . = ALIGN (0x4)
 *(.FlashConfig)
 .FlashConfig   0x00000400       0x10 ./Project_Settings/Startup_Code/startup_MKL25Z4.o
                0x00000410                . = ALIGN (0x4)

.text           0x00000410     0xc6cc
                0x00000410                . = ALIGN (0x4)
 *(.text)
 .text          0x00000410       0x60 c:/freescale/kds_v3/toolchain/bin/../lib/gcc/arm-none-eabi/4.8.4/armv6-m/crtbegin.o
 .text          0x00000470       0x78 c:/freescale/kds_v3/toolchain/bin/../lib/gcc/arm-none-eabi/4.8.4/../../../../arm-none-eabi/lib/armv6-m/crt0.o
                0x00000470                _start
                0x00000470                _mainCRTStartup
 .text          0x000004e8       0x34 ./Project_Settings/Startup_Code/startup_MKL25Z4.o
                0x000004e8                Reset_Handler
                0x00000514                HardFault_Handler
                0x00000514                PendSV_Handler
                0x00000514                NMI_Handler
                0x00000514                I2C1_IRQHandler
                0x00000514                UART1_IRQHandler
                0x00000514                DMA2_IRQHandler
                0x00000514                TPM0_IRQHandler
                0x00000514                LLWU_IRQHandler
                0x00000514                TSI0_IRQHandler
                0x00000514                UART0_IRQHandler
                0x00000514                ADC0_IRQHandler
                0x00000514                Reserved39_IRQHandler
                0x00000514                SPI1_IRQHandler
                0x00000514                DefaultISR
                0x00000514                PORTD_IRQHandler
                0x00000514                TPM2_IRQHandler
                0x00000514                RTC_IRQHandler
                0x00000514                I2C0_IRQHandler
                0x00000514                RTC_Seconds_IRQHandler
                0x00000514                MCG_IRQHandler
                0x00000514                UART2_IRQHandler
                0x00000514                Reserved20_IRQHandler
                0x00000514                USB0_IRQHandler
                0x00000514                PIT_IRQHandler
                0x00000514                SVC_Handler
                0x00000514                DMA3_IRQHandler
                0x00000514                DMA0_IRQHandler
                0x00000514                DAC0_IRQHandler
                0x00000514                Reserved45_IRQHandler
                0x00000514                TPM1_IRQHandler
                0x00000514                LVD_LVW_IRQHandler
                0x00000514                SPI0_IRQHandler
                0x00000514                PORTA_IRQHandler
                0x00000514                FTFA_IRQHandler
                0x00000514                LPTMR0_IRQHandler
                0x00000514                CMP0_IRQHandler
                0x00000514                DMA1_IRQHandler
 .text          0x0000051c     0x5d44 c:/freescale/kds_v3/toolchain/bin/../lib/gcc/arm-none-eabi/4.8.4/../../../../arm-none-eabi/lib/armv6-m\libstdc++_s.a(cp-demangle.o)
                0x00006178                __cxa_demangle
                0x0000623c                __gcclibcxx_demangle_callback
 .text          0x00006260       0x14 c:/freescale/kds_v3/toolchain/bin/../lib/gcc/arm-none-eabi/4.8.4/armv6-m\libgcc.a(_thumb1_case_sqi.o)
                0x00006260                __gnu_thumb1_case_sqi
 .text          0x00006274       0x14 c:/freescale/kds_v3/toolchain/bin/../lib/gcc/arm-none-eabi/4.8.4/armv6-m\libgcc.a(_thumb1_case_uqi.o)
                0x00006274                __gnu_thumb1_case_uqi
 .text          0x00006288       0x9c c:/freescale/kds_v3/toolchain/bin/../lib/gcc/arm-none-eabi/4.8.4/armv6-m\libgcc.a(_udivsi3.o)
                0x00006288                __aeabi_uidiv
                0x00006288                __udivsi3
                0x00006310                __aeabi_uidivmod
 .text          0x00006324        0x4 c:/freescale/kds_v3/toolchain/bin/../lib/gcc/arm-none-eabi/4.8.4/armv6-m\libgcc.a(_dvmd_tls.o)
                0x00006324                __aeabi_idiv0
                0x00006324                __aeabi_ldiv0
 .text          0x00006328       0x40 c:/freescale/kds_v3/toolchain/bin/../lib/gcc/arm-none-eabi/4.8.4/armv6-m\libgcc.a(_fixunsdfsi.o)
                0x00006328                __aeabi_d2uiz
                0x00006328                __fixunsdfsi
 .text          0x00006368      0x520 c:/freescale/kds_v3/toolchain/bin/../lib/gcc/arm-none-eabi/4.8.4/armv6-m\libgcc.a(muldf3.o)
                0x00006368                __aeabi_dmul
 .text          0x00006888      0x668 c:/freescale/kds_v3/toolchain/bin/../lib/gcc/arm-none-eabi/4.8.4/armv6-m\libgcc.a(subdf3.o)
                0x00006888                __aeabi_dsub
 .text          0x00006ef0       0x68 c:/freescale/kds_v3/toolchain/bin/../lib/gcc/arm-none-eabi/4.8.4/armv6-m\libgcc.a(fixdfsi.o)
                0x00006ef0                __aeabi_d2iz
 .text          0x00006f58       0x68 c:/freescale/kds_v3/toolchain/bin/../lib/gcc/arm-none-eabi/4.8.4/armv6-m\libgcc.a(floatunsidf.o)
                0x00006f58                __aeabi_ui2d
 .text          0x00006fc0      0xa34 c:/freescale/kds_v3/toolchain/bin/../lib/gcc/arm-none-eabi/4.8.4/armv6-m\libgcc.a(unwind-arm.o)
                0x00007298                _Unwind_GetCFA
                0x0000729c                __gnu_Unwind_RaiseException
                0x000072ec                __gnu_Unwind_ForcedUnwind
                0x00007300                __gnu_Unwind_Resume
                0x00007348                __gnu_Unwind_Resume_or_Rethrow
                0x00007364                _Unwind_Complete
                0x00007368                _Unwind_DeleteException
                0x00007378                _Unwind_VRS_Get
                0x000073c4                _Unwind_VRS_Set
                0x00007414                __gnu_Unwind_Backtrace
                0x0000776c                __aeabi_unwind_cpp_pr0
                0x00007778                __aeabi_unwind_cpp_pr1
                0x00007784                __aeabi_unwind_cpp_pr2
                0x00007790                _Unwind_VRS_Pop
 .text          0x000079f4      0x144 c:/freescale/kds_v3/toolchain/bin/../lib/gcc/arm-none-eabi/4.8.4/armv6-m\libgcc.a(libunwind.o)
                0x000079f4                __restore_core_regs
                0x000079f4                restore_core_regs
                0x00007a20                __gnu_Unwind_Restore_VFP
                0x00007a24                __gnu_Unwind_Save_VFP
                0x00007a28                __gnu_Unwind_Restore_VFP_D
                0x00007a2c                __gnu_Unwind_Save_VFP_D
                0x00007a30                __gnu_Unwind_Restore_VFP_D_16_to_31
                0x00007a34                __gnu_Unwind_Save_VFP_D_16_to_31
                0x00007a38                __gnu_Unwind_Restore_WMMXD
                0x00007a3c                __gnu_Unwind_Save_WMMXD
                0x00007a40                __gnu_Unwind_Restore_WMMXC
                0x00007a44                __gnu_Unwind_Save_WMMXC
                0x00007a48                ___Unwind_RaiseException
                0x00007a48                _Unwind_RaiseException
                0x00007a78                _Unwind_Resume
                0x00007a78                ___Unwind_Resume
                0x00007aa8                _Unwind_Resume_or_Rethrow
                0x00007aa8                ___Unwind_Resume_or_Rethrow
                0x00007ad8                _Unwind_ForcedUnwind
                0x00007ad8                ___Unwind_ForcedUnwind
                0x00007b08                ___Unwind_Backtrace
                0x00007b08                _Unwind_Backtrace
 .text          0x00007b38      0x3a4 c:/freescale/kds_v3/toolchain/bin/../lib/gcc/arm-none-eabi/4.8.4/armv6-m\libgcc.a(pr-support.o)
                0x00007b8c                __gnu_unwind_execute
                0x00007e84                __gnu_unwind_frame
                0x00007eac                _Unwind_GetRegionStart
                0x00007eb8                _Unwind_GetLanguageSpecificData
                0x00007ecc                _Unwind_GetDataRelBase
                0x00007ed4                _Unwind_GetTextRelBase
 .text          0x00007edc       0x7c c:/freescale/kds_v3/toolchain/bin/../lib/gcc/arm-none-eabi/4.8.4/armv6-m\libgcc.a(_arm_cmpdf2.o)
                0x00007edc                __aeabi_cdrcmple
                0x00007eec                __aeabi_cdcmple
                0x00007eec                __aeabi_cdcmpeq
                0x00007efc                __aeabi_dcmpeq
                0x00007f08                __aeabi_dcmplt
                0x00007f1c                __aeabi_dcmple
                0x00007f30                __aeabi_dcmpgt
                0x00007f44                __aeabi_dcmpge
 .text          0x00007f58       0x3c c:/freescale/kds_v3/toolchain/bin/../lib/gcc/arm-none-eabi/4.8.4/armv6-m\libgcc.a(_clzsi2.o)
                0x00007f58                __clzsi2
 .text          0x00007f94       0x94 c:/freescale/kds_v3/toolchain/bin/../lib/gcc/arm-none-eabi/4.8.4/armv6-m\libgcc.a(eqdf2.o)
                0x00007f94                __nedf2
                0x00007f94                __eqdf2
 .text          0x00008028       0xfc c:/freescale/kds_v3/toolchain/bin/../lib/gcc/arm-none-eabi/4.8.4/armv6-m\libgcc.a(gedf2.o)
                0x00008028                __gedf2
                0x00008028                __gtdf2
 .text          0x00008124       0xfc c:/freescale/kds_v3/toolchain/bin/../lib/gcc/arm-none-eabi/4.8.4/armv6-m\libgcc.a(ledf2.o)
                0x00008124                __ledf2
                0x00008124                __ltdf2
 .text          0x00008220       0x14 c:/freescale/kds_v3/toolchain/bin/../lib/gcc/arm-none-eabi/4.8.4/../../../../arm-none-eabi/lib/armv6-m\libg_s.a(lib_a-strcmp.o)
                0x00008220                strcmp
 *(.text*)
 .text._ZN5BotaoC2E8gpio_Pin
                0x00008234       0x3c ./Sources/Botao.o
                0x00008234                Botao::Botao(gpio_Pin)
                0x00008234                Botao::Botao(gpio_Pin)
 .text._ZN5Botao4isOnEv
                0x00008270       0x18 ./Sources/Botao.o
                0x00008270                Botao::isOn()
 .text._ZN10ComparadorC2Ev
                0x00008288       0x14 ./Sources/Comparador.o
                0x00008288                Comparador::Comparador()
                0x00008288                Comparador::Comparador()
 .text._ZN10Comparador8setDataAEm
                0x0000829c       0x18 ./Sources/Comparador.o
                0x0000829c                Comparador::setDataA(unsigned long)
 .text._ZN10Comparador8setDataBEh
                0x000082b4       0x1c ./Sources/Comparador.o
                0x000082b4                Comparador::setDataB(unsigned char)
 .text._ZN10Comparador7compareEv
                0x000082d0       0x24 ./Sources/Comparador.o
                0x000082d0                Comparador::compare()
 .text._ZN8ContadorC2Ev
                0x000082f4       0x20 ./Sources/Contador.o
                0x000082f4                Contador::Contador()
                0x000082f4                Contador::Contador()
 .text._ZN8Contador4loadEh
                0x00008314       0x1c ./Sources/Contador.o
                0x00008314                Contador::load(unsigned char)
 .text._ZN8Contador10incrementaEv
                0x00008330       0x3c ./Sources/Contador.o
                0x00008330                Contador::incrementa()
 .text._ZN8Contador5readQEv
                0x0000836c       0x18 ./Sources/Contador.o
                0x0000836c                Contador::readQ()
 .text._ZN8Contador6aclearEv
                0x00008384       0x14 ./Sources/Contador.o
                0x00008384                Contador::aclear()
 .text._ZN8Contador6enableEv
                0x00008398       0x14 ./Sources/Contador.o
                0x00008398                Contador::enable()
 .text._ZN8Contador7disableEv
                0x000083ac       0x14 ./Sources/Contador.o
                0x000083ac                Contador::disable()
 .text._ZN8Contador7readCinEv
                0x000083c0       0x14 ./Sources/Contador.o
                0x000083c0                Contador::readCin()
 .text._ZN14ControlServiceC2Ev
                0x000083d4       0x24 ./Sources/ControlService.o
                0x000083d4                ControlService::ControlService()
                0x000083d4                ControlService::ControlService()
 .text._ZN14ControlService5setupEP8ContadorP10ComparadorP8FlipFlopP5BotaoS7_S7_
                0x000083f8       0xc8 ./Sources/ControlService.o
                0x000083f8                ControlService::setup(Contador*, Comparador*, FlipFlop*, Botao*, Botao*, Botao*)
 .text._ZN14ControlService10readInputsEP5BotaoS1_S1_
                0x000084c0       0x70 ./Sources/ControlService.o
                0x000084c0                ControlService::readInputs(Botao*, Botao*, Botao*)
 .text._ZN14ControlService13selectServiceE5btn_t
                0x00008530       0x44 ./Sources/ControlService.o
                0x00008530                ControlService::selectService(btn_t)
 .text._ZN14ControlService9doServiceE5sid_tP5BotaoS2_S2_P8ContadorP10ComparadorP8FlipFlop12Temporizador12OnOffService11SortService17TurnOffLedService12CountService
                0x00008574      0x138 ./Sources/ControlService.o
                0x00008574                ControlService::doService(sid_t, Botao*, Botao*, Botao*, Contador*, Comparador*, FlipFlop*, Temporizador, OnOffService, SortService, TurnOffLedService, CountService)
 .text._ZN14ControlService12writeOutputsE5led_t3LedS1_
                0x000086ac       0x78 ./Sources/ControlService.o
                0x000086ac                ControlService::writeOutputs(led_t, Led, Led)
 .text._ZN14ControlService7readBtnEv
                0x00008724       0x14 ./Sources/ControlService.o
                0x00008724                ControlService::readBtn()
 .text._ZN14ControlService7readSidEv
                0x00008738       0x14 ./Sources/ControlService.o
                0x00008738                ControlService::readSid()
 .text._ZN14ControlService7readLedEv
                0x0000874c       0x14 ./Sources/ControlService.o
                0x0000874c                ControlService::readLed()
 .text._ZN12CountServiceC2Ev
                0x00008760       0x14 ./Sources/CountService.o
                0x00008760                CountService::CountService()
                0x00008760                CountService::CountService()
 .text._ZN12CountService12contaServiceEP8Contador
                0x00008774       0x18 ./Sources/CountService.o
                0x00008774                CountService::contaService(Contador*)
 .text._ZN8FlipFlopC2Ev
                0x0000878c       0x18 ./Sources/FlipFlop.o
                0x0000878c                FlipFlop::FlipFlop()
                0x0000878c                FlipFlop::FlipFlop()
 .text._ZN8FlipFlop8setDataAEh
                0x000087a4       0x24 ./Sources/FlipFlop.o
                0x000087a4                FlipFlop::setDataA(unsigned char)
 .text._ZN8FlipFlop8flipFlopEv
                0x000087c8       0x28 ./Sources/FlipFlop.o
                0x000087c8                FlipFlop::flipFlop()
 .text._ZN8FlipFlop8apagaLedEv
                0x000087f0       0x18 ./Sources/FlipFlop.o
                0x000087f0                FlipFlop::apagaLed()
 .text._ZN8FlipFlop6enableEv
                0x00008808       0x14 ./Sources/FlipFlop.o
                0x00008808                FlipFlop::enable()
 .text._ZN8FlipFlop7disableEv
                0x0000881c       0x14 ./Sources/FlipFlop.o
                0x0000881c                FlipFlop::disable()
 .text._ZN3LedC2E8gpio_Pin
                0x00008830       0x3c ./Sources/Led.o
                0x00008830                Led::Led(gpio_Pin)
                0x00008830                Led::Led(gpio_Pin)
 .text._ZN3Led6turnOnEv
                0x0000886c       0x18 ./Sources/Led.o
                0x0000886c                Led::turnOn()
 .text._ZN3Led7turnOffEv
                0x00008884       0x18 ./Sources/Led.o
                0x00008884                Led::turnOff()
 .text._ZN12OnOffServiceC2Ev
                0x0000889c       0x18 ./Sources/OnOffService.o
                0x0000889c                OnOffService::OnOffService()
                0x0000889c                OnOffService::OnOffService()
 .text._ZN12OnOffService9onServiceEP8ContadorP10ComparadorP8FlipFlop12Temporizador
                0x000088b4       0x44 ./Sources/OnOffService.o
                0x000088b4                OnOffService::onService(Contador*, Comparador*, FlipFlop*, Temporizador)
 .text._ZN12OnOffService10offServiceEP8ContadorP10ComparadorP8FlipFlop12Temporizador
                0x000088f8       0x38 ./Sources/OnOffService.o
                0x000088f8                OnOffService::offService(Contador*, Comparador*, FlipFlop*, Temporizador)
 .text._ZN12OnOffService5onOffEP5BotaoP8ContadorP10ComparadorP8FlipFlop12Temporizador
                0x00008930       0x80 ./Sources/OnOffService.o
                0x00008930                OnOffService::onOff(Botao*, Contador*, Comparador*, FlipFlop*, Temporizador)
 .text._ZN11SortServiceC2Ev
                0x000089b0       0x14 ./Sources/SortService.o
                0x000089b0                SortService::SortService()
                0x000089b0                SortService::SortService()
 .text._ZN11SortService11sortServiceEP10ComparadorP8FlipFlopP8Contador
                0x000089c4       0x54 ./Sources/SortService.o
                0x000089c4                SortService::sortService(Comparador*, FlipFlop*, Contador*)
 .text._ZN12TemporizadorC2Em19systick_clockSource
                0x00008a18       0x2c ./Sources/Temporizador.o
                0x00008a18                Temporizador::Temporizador(unsigned long, systick_clockSource)
                0x00008a18                Temporizador::Temporizador(unsigned long, systick_clockSource)
 .text._ZN12Temporizador4ligaEv
                0x00008a44       0x28 ./Sources/Temporizador.o
                0x00008a44                Temporizador::liga()
 .text._ZN12Temporizador7desligaEv
                0x00008a6c       0x20 ./Sources/Temporizador.o
                0x00008a6c                Temporizador::desliga()
 .text._ZN17TurnOffLedServiceC2Ev
                0x00008a8c       0x14 ./Sources/TurnOffLedService.o
                0x00008a8c                TurnOffLedService::TurnOffLedService()
                0x00008a8c                TurnOffLedService::TurnOffLedService()
 .text._ZN17TurnOffLedService15apagaLedServiceEP8FlipFlop
                0x00008aa0       0x2c ./Sources/TurnOffLedService.o
                0x00008aa0                TurnOffLedService::apagaLedService(FlipFlop*)
 .text._Z5delaym
                0x00008acc       0x24 ./Sources/delay.o
                0x00008acc                delay(unsigned long)
 .text._ZN8mkl_GPIO11setPortModeE13gpio_PortMode
                0x00008af0       0x44 ./Sources/mkl_GPIO.o
                0x00008af0                mkl_GPIO::setPortMode(gpio_PortMode)
 .text._ZN8mkl_GPIO15setPullResistorE17gpio_PullResistor
                0x00008b34       0x38 ./Sources/mkl_GPIO.o
                0x00008b34                mkl_GPIO::setPullResistor(gpio_PullResistor)
 .text._ZN8mkl_GPIO8writeBitEi
                0x00008b6c       0x40 ./Sources/mkl_GPIO.o
                0x00008b6c                mkl_GPIO::writeBit(int)
 .text._ZN8mkl_GPIO7readBitEv
                0x00008bac       0x2c ./Sources/mkl_GPIO.o
                0x00008bac                mkl_GPIO::readBit()
 .text._ZN8mkl_GPIO14bindPeripheralEhh
                0x00008bd8       0x68 ./Sources/mkl_GPIO.o
                0x00008bd8                mkl_GPIO::bindPeripheral(unsigned char, unsigned char)
 .text._ZN8mkl_GPIO17enableModuleClockEh
                0x00008c40       0x38 ./Sources/mkl_GPIO.o
                0x00008c40                mkl_GPIO::enableModuleClock(unsigned char)
 .text._ZN8mkl_GPIO20selectMuxAlternativeEv
                0x00008c78       0x18 ./Sources/mkl_GPIO.o
                0x00008c78                mkl_GPIO::selectMuxAlternative()
 .text._ZN8mkl_GPIO17setGPIOParametersE8gpio_PinRmS1_
                0x00008c90       0x4c ./Sources/mkl_GPIO.o
                0x00008c90                mkl_GPIO::setGPIOParameters(gpio_Pin, unsigned long&, unsigned long&)
 .text._ZN8mkl_GPIOC2Ev
                0x00008cdc       0x14 ./Sources/mkl_GPIOPort.o
                0x00008cdc                mkl_GPIO::mkl_GPIO()
                0x00008cdc                mkl_GPIO::mkl_GPIO()
 .text._ZN12mkl_GPIOPortC2E8gpio_Pin
                0x00008cf0       0x5c ./Sources/mkl_GPIOPort.o
                0x00008cf0                mkl_GPIOPort::mkl_GPIOPort(gpio_Pin)
                0x00008cf0                mkl_GPIOPort::mkl_GPIOPort(gpio_Pin)
 .text._ZN11mkl_Systick14setClockSourceE19systick_clockSource
                0x00008d4c       0x48 ./Sources/mkl_Systick.o
                0x00008d4c                mkl_Systick::setClockSource(systick_clockSource)
 .text._ZN11mkl_Systick9setReloadEm
                0x00008d94       0x18 ./Sources/mkl_Systick.o
                0x00008d94                mkl_Systick::setReload(unsigned long)
 .text._ZN11mkl_Systick13enableCounterEv
                0x00008dac       0x20 ./Sources/mkl_Systick.o
                0x00008dac                mkl_Systick::enableCounter()
 .text._ZN11mkl_Systick14disableCounterEv
                0x00008dcc       0x20 ./Sources/mkl_Systick.o
                0x00008dcc                mkl_Systick::disableCounter()
 .text._ZN11mkl_Systick12clearCounterEv
                0x00008dec       0x18 ./Sources/mkl_Systick.o
                0x00008dec                mkl_Systick::clearCounter()
 .text._ZN11mkl_Systick15enableInterruptEv
                0x00008e04       0x20 ./Sources/mkl_Systick.o
                0x00008e04                mkl_Systick::enableInterrupt()
 .text._ZN11mkl_Systick16disableInterruptEv
                0x00008e24       0x20 ./Sources/mkl_Systick.o
                0x00008e24                mkl_Systick::disableInterrupt()
 .text._ZN11mkl_Systick11setRegisterEv
                0x00008e44       0x38 ./Sources/mkl_Systick.o
                0x00008e44                mkl_Systick::setRegister()
 .text.NVIC_EnableIRQ
                0x00008e7c       0x2c ./Sources/mkl_SystickPeriodicInterrupt.o
 .text.NVIC_DisableIRQ
                0x00008ea8       0x2c ./Sources/mkl_SystickPeriodicInterrupt.o
 .text._ZN11mkl_SystickC2Ev
                0x00008ed4       0x14 ./Sources/mkl_SystickPeriodicInterrupt.o
                0x00008ed4                mkl_Systick::mkl_Systick()
                0x00008ed4                mkl_Systick::mkl_Systick()
 .text._ZN28mkl_SystickPeriodicInterruptC2Em19systick_clockSource
                0x00008ee8       0x64 ./Sources/mkl_SystickPeriodicInterrupt.o
                0x00008ee8                mkl_SystickPeriodicInterrupt::mkl_SystickPeriodicInterrupt(unsigned long, systick_clockSource)
                0x00008ee8                mkl_SystickPeriodicInterrupt::mkl_SystickPeriodicInterrupt(unsigned long, systick_clockSource)
 .text._ZN28mkl_SystickPeriodicInterrupt22enableInterruptRequestEv
                0x00008f4c       0x24 ./Sources/mkl_SystickPeriodicInterrupt.o
                0x00008f4c                mkl_SystickPeriodicInterrupt::enableInterruptRequest()
 .text._ZN28mkl_SystickPeriodicInterrupt23disableInterruptRequestEv
                0x00008f70       0x24 ./Sources/mkl_SystickPeriodicInterrupt.o
                0x00008f70                mkl_SystickPeriodicInterrupt::disableInterruptRequest()
 *fill*         0x00008f94        0x4 
 .text._ZN28mkl_SystickPeriodicInterrupt11reloadValueEm19systick_clockSource
                0x00008f98       0x90 ./Sources/mkl_SystickPeriodicInterrupt.o
                0x00008f98                mkl_SystickPeriodicInterrupt::reloadValue(unsigned long, systick_clockSource)
 .text.SystemInit
                0x00009028       0x18 ./Project_Settings/Startup_Code/system_MKL25Z4.o
                0x00009028                SystemInit
 .text.SysTick_Handler
                0x00009040       0xa8 ./main.o
                0x00009040                SysTick_Handler
 .text.main     0x000090e8      0x144 ./main.o
                0x000090e8                main
 .text._Z41__static_initialization_and_destruction_0ii
                0x0000922c       0x94 ./main.o
 .text._GLOBAL__sub_I_btnLD
                0x000092c0       0x18 ./main.o
 .text.__cxa_end_cleanup
                0x000092d8        0xc c:/freescale/kds_v3/toolchain/bin/../lib/gcc/arm-none-eabi/4.8.4/../../../../arm-none-eabi/lib/armv6-m\libstdc++_s.a(eh_arm.o)
                0x000092d8                __cxa_end_cleanup
 .text._ZN10__cxxabiv1L24__is_gxx_exception_classEPc
                0x000092e4       0x3a c:/freescale/kds_v3/toolchain/bin/../lib/gcc/arm-none-eabi/4.8.4/../../../../arm-none-eabi/lib/armv6-m\libstdc++_s.a(eh_arm.o)
 *fill*         0x0000931e        0x2 
 .text.__cxa_type_match
                0x00009320       0xbc c:/freescale/kds_v3/toolchain/bin/../lib/gcc/arm-none-eabi/4.8.4/../../../../arm-none-eabi/lib/armv6-m\libstdc++_s.a(eh_arm.o)
                0x00009320                __cxa_type_match
 .text.__cxa_begin_cleanup
                0x000093dc       0x38 c:/freescale/kds_v3/toolchain/bin/../lib/gcc/arm-none-eabi/4.8.4/../../../../arm-none-eabi/lib/armv6-m\libstdc++_s.a(eh_arm.o)
                0x000093dc                __cxa_begin_cleanup
 .text.__gnu_end_cleanup
                0x00009414       0x38 c:/freescale/kds_v3/toolchain/bin/../lib/gcc/arm-none-eabi/4.8.4/../../../../arm-none-eabi/lib/armv6-m\libstdc++_s.a(eh_arm.o)
                0x00009414                __gnu_end_cleanup
 .text._ZN10__cxxabiv111__terminateEPFvvE
                0x0000944c        0x8 c:/freescale/kds_v3/toolchain/bin/../lib/gcc/arm-none-eabi/4.8.4/../../../../arm-none-eabi/lib/armv6-m\libstdc++_s.a(eh_terminate.o)
                0x0000944c                __cxxabiv1::__terminate(void (*)())
 .text._ZSt9terminatev
                0x00009454       0x10 c:/freescale/kds_v3/toolchain/bin/../lib/gcc/arm-none-eabi/4.8.4/../../../../arm-none-eabi/lib/armv6-m\libstdc++_s.a(eh_terminate.o)
                0x00009454                std::terminate()
 .text._ZN10__cxxabiv112__unexpectedEPFvvE
                0x00009464        0x8 c:/freescale/kds_v3/toolchain/bin/../lib/gcc/arm-none-eabi/4.8.4/../../../../arm-none-eabi/lib/armv6-m\libstdc++_s.a(eh_terminate.o)
                0x00009464                __cxxabiv1::__unexpected(void (*)())
 .text._ZSt10unexpectedv
                0x0000946c       0x10 c:/freescale/kds_v3/toolchain/bin/../lib/gcc/arm-none-eabi/4.8.4/../../../../arm-none-eabi/lib/armv6-m\libstdc++_s.a(eh_terminate.o)
                0x0000946c                std::unexpected()
 .text._Znwj    0x0000947c       0x28 c:/freescale/kds_v3/toolchain/bin/../lib/gcc/arm-none-eabi/4.8.4/../../../../arm-none-eabi/lib/armv6-m\libstdc++_s.a(new_op.o)
                0x0000947c                operator new(unsigned int)
 .text._ZdlPv   0x000094a4        0xc c:/freescale/kds_v3/toolchain/bin/../lib/gcc/arm-none-eabi/4.8.4/../../../../arm-none-eabi/lib/armv6-m\libstdc++_s.a(del_op.o)
                0x000094a4                operator delete(void*)
 .text._ZL12read_uleb128PKhPm
                0x000094b0       0x30 c:/freescale/kds_v3/toolchain/bin/../lib/gcc/arm-none-eabi/4.8.4/../../../../arm-none-eabi/lib/armv6-m\libstdc++_s.a(eh_personality.o)
 .text._ZL12read_sleb128PKhPl
                0x000094e0       0x30 c:/freescale/kds_v3/toolchain/bin/../lib/gcc/arm-none-eabi/4.8.4/../../../../arm-none-eabi/lib/armv6-m\libstdc++_s.a(eh_personality.o)
 .text._ZL28read_encoded_value_with_basehjPKhPj
                0x00009510       0xb4 c:/freescale/kds_v3/toolchain/bin/../lib/gcc/arm-none-eabi/4.8.4/../../../../arm-none-eabi/lib/armv6-m\libstdc++_s.a(eh_personality.o)
 .text._ZL21base_of_encoded_valuehP15_Unwind_Context
                0x000095c4       0x44 c:/freescale/kds_v3/toolchain/bin/../lib/gcc/arm-none-eabi/4.8.4/../../../../arm-none-eabi/lib/armv6-m\libstdc++_s.a(eh_personality.o)
 .text._ZL18read_encoded_valueP15_Unwind_ContexthPKhPj
                0x00009608       0x20 c:/freescale/kds_v3/toolchain/bin/../lib/gcc/arm-none-eabi/4.8.4/../../../../arm-none-eabi/lib/armv6-m\libstdc++_s.a(eh_personality.o)
 .text._ZL17parse_lsda_headerP15_Unwind_ContextPKhP16lsda_header_info
                0x00009628       0x5e c:/freescale/kds_v3/toolchain/bin/../lib/gcc/arm-none-eabi/4.8.4/../../../../arm-none-eabi/lib/armv6-m\libstdc++_s.a(eh_personality.o)
 .text._Unwind_GetGR
                0x00009686       0x16 c:/freescale/kds_v3/toolchain/bin/../lib/gcc/arm-none-eabi/4.8.4/../../../../arm-none-eabi/lib/armv6-m\libstdc++_s.a(eh_personality.o)
 .text.__gxx_personality_v0
                0x0000969c      0x330 c:/freescale/kds_v3/toolchain/bin/../lib/gcc/arm-none-eabi/4.8.4/../../../../arm-none-eabi/lib/armv6-m\libstdc++_s.a(eh_personality.o)
                0x0000969c                __gxx_personality_v0
 .text.__cxa_get_globals
                0x000099cc        0x8 c:/freescale/kds_v3/toolchain/bin/../lib/gcc/arm-none-eabi/4.8.4/../../../../arm-none-eabi/lib/armv6-m\libstdc++_s.a(eh_globals.o)
                0x000099cc                __cxa_get_globals
 .text._ZN9__gnu_cxx27__verbose_terminate_handlerEv
                0x000099d4       0xa0 c:/freescale/kds_v3/toolchain/bin/../lib/gcc/arm-none-eabi/4.8.4/../../../../arm-none-eabi/lib/armv6-m\libstdc++_s.a(vterminate.o)
                0x000099d4                __gnu_cxx::__verbose_terminate_handler()
 .text.__cxa_current_exception_type
                0x00009a74       0x1e c:/freescale/kds_v3/toolchain/bin/../lib/gcc/arm-none-eabi/4.8.4/../../../../arm-none-eabi/lib/armv6-m\libstdc++_s.a(eh_type.o)
                0x00009a74                __cxa_current_exception_type
 .text._ZN10__cxxabiv1L24__is_gxx_exception_classEPc
                0x00009a92       0x3a c:/freescale/kds_v3/toolchain/bin/../lib/gcc/arm-none-eabi/4.8.4/../../../../arm-none-eabi/lib/armv6-m\libstdc++_s.a(eh_call.o)
 .text.__cxa_call_terminate
                0x00009acc       0x20 c:/freescale/kds_v3/toolchain/bin/../lib/gcc/arm-none-eabi/4.8.4/../../../../arm-none-eabi/lib/armv6-m\libstdc++_s.a(eh_call.o)
                0x00009acc                __cxa_call_terminate
 .text.__cxa_call_unexpected
                0x00009aec       0x2e c:/freescale/kds_v3/toolchain/bin/../lib/gcc/arm-none-eabi/4.8.4/../../../../arm-none-eabi/lib/armv6-m\libstdc++_s.a(eh_call.o)
                0x00009aec                __cxa_call_unexpected
 .text._ZN10__cxxabiv1L24__is_gxx_exception_classEPc
                0x00009b1a       0x3a c:/freescale/kds_v3/toolchain/bin/../lib/gcc/arm-none-eabi/4.8.4/../../../../arm-none-eabi/lib/armv6-m\libstdc++_s.a(eh_catch.o)
 .text.__cxa_begin_catch
                0x00009b54       0x4e c:/freescale/kds_v3/toolchain/bin/../lib/gcc/arm-none-eabi/4.8.4/../../../../arm-none-eabi/lib/armv6-m\libstdc++_s.a(eh_catch.o)
                0x00009b54                __cxa_begin_catch
 .text._ZNK10__cxxabiv117__class_type_info11__do_upcastEPKS0_PPv
                0x00009ba2       0x34 c:/freescale/kds_v3/toolchain/bin/../lib/gcc/arm-none-eabi/4.8.4/../../../../arm-none-eabi/lib/armv6-m\libstdc++_s.a(class_type_info.o)
                0x00009ba2                __cxxabiv1::__class_type_info::__do_upcast(__cxxabiv1::__class_type_info const*, void**) const
 .text._ZNK10__cxxabiv117__class_type_info20__do_find_public_srcEiPKvPKS0_S2_
                0x00009bd6        0xc c:/freescale/kds_v3/toolchain/bin/../lib/gcc/arm-none-eabi/4.8.4/../../../../arm-none-eabi/lib/armv6-m\libstdc++_s.a(class_type_info.o)
                0x00009bd6                __cxxabiv1::__class_type_info::__do_find_public_src(int, void const*, __cxxabiv1::__class_type_info const*, void const*) const
 *fill*         0x00009be2        0x2 
 .text._ZN10__cxxabiv117__class_type_infoD2Ev
                0x00009be4       0x18 c:/freescale/kds_v3/toolchain/bin/../lib/gcc/arm-none-eabi/4.8.4/../../../../arm-none-eabi/lib/armv6-m\libstdc++_s.a(class_type_info.o)
                0x00009be4                __cxxabiv1::__class_type_info::~__class_type_info()
                0x00009be4                __cxxabiv1::__class_type_info::~__class_type_info()
 .text._ZN10__cxxabiv117__class_type_infoD0Ev
                0x00009bfc       0x12 c:/freescale/kds_v3/toolchain/bin/../lib/gcc/arm-none-eabi/4.8.4/../../../../arm-none-eabi/lib/armv6-m\libstdc++_s.a(class_type_info.o)
                0x00009bfc                __cxxabiv1::__class_type_info::~__class_type_info()
 .text._ZNK10__cxxabiv117__class_type_info11__do_upcastEPKS0_PKvRNS0_15__upcast_resultE
                0x00009c0e       0x20 c:/freescale/kds_v3/toolchain/bin/../lib/gcc/arm-none-eabi/4.8.4/../../../../arm-none-eabi/lib/armv6-m\libstdc++_s.a(class_type_info.o)
                0x00009c0e                __cxxabiv1::__class_type_info::__do_upcast(__cxxabiv1::__class_type_info const*, void const*, __cxxabiv1::__class_type_info::__upcast_result&) const
 .text._ZNK10__cxxabiv117__class_type_info10__do_catchEPKSt9type_infoPPvj
                0x00009c2e       0x2a c:/freescale/kds_v3/toolchain/bin/../lib/gcc/arm-none-eabi/4.8.4/../../../../arm-none-eabi/lib/armv6-m\libstdc++_s.a(class_type_info.o)
                0x00009c2e                __cxxabiv1::__class_type_info::__do_catch(std::type_info const*, void**, unsigned int) const
 .text._ZNK10__cxxabiv117__class_type_info12__do_dyncastEiNS0_10__sub_kindEPKS0_PKvS3_S5_RNS0_16__dyncast_resultE
                0x00009c58       0x3a c:/freescale/kds_v3/toolchain/bin/../lib/gcc/arm-none-eabi/4.8.4/../../../../arm-none-eabi/lib/armv6-m\libstdc++_s.a(class_type_info.o)
                0x00009c58                __cxxabiv1::__class_type_info::__do_dyncast(int, __cxxabiv1::__class_type_info::__sub_kind, __cxxabiv1::__class_type_info const*, void const*, __cxxabiv1::__class_type_info const*, void const*, __cxxabiv1::__class_type_info::__dyncast_result&) const
 *fill*         0x00009c92        0x2 
 .text._ZN10__cxxabiv120__si_class_type_infoD2Ev
                0x00009c94       0x18 c:/freescale/kds_v3/toolchain/bin/../lib/gcc/arm-none-eabi/4.8.4/../../../../arm-none-eabi/lib/armv6-m\libstdc++_s.a(si_class_type_info.o)
                0x00009c94                __cxxabiv1::__si_class_type_info::~__si_class_type_info()
                0x00009c94                __cxxabiv1::__si_class_type_info::~__si_class_type_info()
 .text._ZN10__cxxabiv120__si_class_type_infoD0Ev
                0x00009cac       0x12 c:/freescale/kds_v3/toolchain/bin/../lib/gcc/arm-none-eabi/4.8.4/../../../../arm-none-eabi/lib/armv6-m\libstdc++_s.a(si_class_type_info.o)
                0x00009cac                __cxxabiv1::__si_class_type_info::~__si_class_type_info()
 .text._ZNK10__cxxabiv120__si_class_type_info20__do_find_public_srcEiPKvPKNS_17__class_type_infoES2_
                0x00009cbe       0x32 c:/freescale/kds_v3/toolchain/bin/../lib/gcc/arm-none-eabi/4.8.4/../../../../arm-none-eabi/lib/armv6-m\libstdc++_s.a(si_class_type_info.o)
                0x00009cbe                __cxxabiv1::__si_class_type_info::__do_find_public_src(int, void const*, __cxxabiv1::__class_type_info const*, void const*) const
 .text._ZNK10__cxxabiv120__si_class_type_info12__do_dyncastEiNS_17__class_type_info10__sub_kindEPKS1_PKvS4_S6_RNS1_16__dyncast_resultE
                0x00009cf0       0x7c c:/freescale/kds_v3/toolchain/bin/../lib/gcc/arm-none-eabi/4.8.4/../../../../arm-none-eabi/lib/armv6-m\libstdc++_s.a(si_class_type_info.o)
                0x00009cf0                __cxxabiv1::__si_class_type_info::__do_dyncast(int, __cxxabiv1::__class_type_info::__sub_kind, __cxxabiv1::__class_type_info const*, void const*, __cxxabiv1::__class_type_info const*, void const*, __cxxabiv1::__class_type_info::__dyncast_result&) const
 .text._ZNK10__cxxabiv120__si_class_type_info11__do_upcastEPKNS_17__class_type_infoEPKvRNS1_15__upcast_resultE
                0x00009d6c       0x26 c:/freescale/kds_v3/toolchain/bin/../lib/gcc/arm-none-eabi/4.8.4/../../../../arm-none-eabi/lib/armv6-m\libstdc++_s.a(si_class_type_info.o)
                0x00009d6c                __cxxabiv1::__si_class_type_info::__do_upcast(__cxxabiv1::__class_type_info const*, void const*, __cxxabiv1::__class_type_info::__upcast_result&) const
 *fill*         0x00009d92        0x2 
 .text._ZNSt9type_infoD2Ev
                0x00009d94        0xc c:/freescale/kds_v3/toolchain/bin/../lib/gcc/arm-none-eabi/4.8.4/../../../../arm-none-eabi/lib/armv6-m\libstdc++_s.a(tinfo.o)
                0x00009d94                std::type_info::~type_info()
                0x00009d94                std::type_info::~type_info()
 .text._ZNKSt9type_info14__is_pointer_pEv
                0x00009da0        0x4 c:/freescale/kds_v3/toolchain/bin/../lib/gcc/arm-none-eabi/4.8.4/../../../../arm-none-eabi/lib/armv6-m\libstdc++_s.a(tinfo.o)
                0x00009da0                std::type_info::__is_pointer_p() const
 .text._ZNKSt9type_info15__is_function_pEv
                0x00009da4        0x4 c:/freescale/kds_v3/toolchain/bin/../lib/gcc/arm-none-eabi/4.8.4/../../../../arm-none-eabi/lib/armv6-m\libstdc++_s.a(tinfo.o)
                0x00009da4                std::type_info::__is_function_p() const
 .text._ZNKSt9type_info11__do_upcastEPKN10__cxxabiv117__class_type_infoEPPv
                0x00009da8        0x4 c:/freescale/kds_v3/toolchain/bin/../lib/gcc/arm-none-eabi/4.8.4/../../../../arm-none-eabi/lib/armv6-m\libstdc++_s.a(tinfo.o)
                0x00009da8                std::type_info::__do_upcast(__cxxabiv1::__class_type_info const*, void**) const
 .text._ZNSt9type_infoD0Ev
                0x00009dac       0x18 c:/freescale/kds_v3/toolchain/bin/../lib/gcc/arm-none-eabi/4.8.4/../../../../arm-none-eabi/lib/armv6-m\libstdc++_s.a(tinfo.o)
                0x00009dac                std::type_info::~type_info()
 .text._ZNKSt9type_infoeqERKS_
                0x00009dc4       0x2e c:/freescale/kds_v3/toolchain/bin/../lib/gcc/arm-none-eabi/4.8.4/../../../../arm-none-eabi/lib/armv6-m\libstdc++_s.a(tinfo.o)
                0x00009dc4                std::type_info::operator==(std::type_info const&) const
 .text._ZNKSt9type_info10__do_catchEPKS_PPvj
                0x00009df2        0x8 c:/freescale/kds_v3/toolchain/bin/../lib/gcc/arm-none-eabi/4.8.4/../../../../arm-none-eabi/lib/armv6-m\libstdc++_s.a(tinfo.o)
                0x00009df2                std::type_info::__do_catch(std::type_info const*, void**, unsigned int) const
 .text.abort    0x00009dfa        0xe c:/freescale/kds_v3/toolchain/bin/../lib/gcc/arm-none-eabi/4.8.4/../../../../arm-none-eabi/lib/armv6-m\libg_s.a(lib_a-abort.o)
                0x00009dfa                abort
 .text.exit     0x00009e08       0x2c c:/freescale/kds_v3/toolchain/bin/../lib/gcc/arm-none-eabi/4.8.4/../../../../arm-none-eabi/lib/armv6-m\libg_s.a(lib_a-exit.o)
                0x00009e08                exit
 .text._fputs_r
                0x00009e34       0xa8 c:/freescale/kds_v3/toolchain/bin/../lib/gcc/arm-none-eabi/4.8.4/../../../../arm-none-eabi/lib/armv6-m\libg_s.a(lib_a-fputs.o)
                0x00009e34                _fputs_r
 .text.fputs    0x00009edc       0x18 c:/freescale/kds_v3/toolchain/bin/../lib/gcc/arm-none-eabi/4.8.4/../../../../arm-none-eabi/lib/armv6-m\libg_s.a(lib_a-fputs.o)
                0x00009edc                fputs
 .text.__libc_init_array
                0x00009ef4       0x4c c:/freescale/kds_v3/toolchain/bin/../lib/gcc/arm-none-eabi/4.8.4/../../../../arm-none-eabi/lib/armv6-m\libg_s.a(lib_a-init.o)
                0x00009ef4                __libc_init_array
 .text.malloc   0x00009f40       0x14 c:/freescale/kds_v3/toolchain/bin/../lib/gcc/arm-none-eabi/4.8.4/../../../../arm-none-eabi/lib/armv6-m\libg_s.a(lib_a-malloc.o)
                0x00009f40                malloc
 .text.free     0x00009f54       0x14 c:/freescale/kds_v3/toolchain/bin/../lib/gcc/arm-none-eabi/4.8.4/../../../../arm-none-eabi/lib/armv6-m\libg_s.a(lib_a-malloc.o)
                0x00009f54                free
 .text.memcmp   0x00009f68       0x1e c:/freescale/kds_v3/toolchain/bin/../lib/gcc/arm-none-eabi/4.8.4/../../../../arm-none-eabi/lib/armv6-m\libg_s.a(lib_a-memcmp.o)
                0x00009f68                memcmp
 .text.memcpy   0x00009f86       0x12 c:/freescale/kds_v3/toolchain/bin/../lib/gcc/arm-none-eabi/4.8.4/../../../../arm-none-eabi/lib/armv6-m\libg_s.a(lib_a-memcpy-stub.o)
                0x00009f86                memcpy
 .text.memset   0x00009f98       0x10 c:/freescale/kds_v3/toolchain/bin/../lib/gcc/arm-none-eabi/4.8.4/../../../../arm-none-eabi/lib/armv6-m\libg_s.a(lib_a-memset.o)
                0x00009f98                memset
 .text._free_r  0x00009fa8       0x90 c:/freescale/kds_v3/toolchain/bin/../lib/gcc/arm-none-eabi/4.8.4/../../../../arm-none-eabi/lib/armv6-m\libg_s.a(lib_a-nano-freer.o)
                0x00009fa8                _free_r
 .text._malloc_r
                0x0000a038       0xa8 c:/freescale/kds_v3/toolchain/bin/../lib/gcc/arm-none-eabi/4.8.4/../../../../arm-none-eabi/lib/armv6-m\libg_s.a(lib_a-nano-mallocr.o)
                0x0000a038                _malloc_r
 .text.realloc  0x0000a0e0       0x18 c:/freescale/kds_v3/toolchain/bin/../lib/gcc/arm-none-eabi/4.8.4/../../../../arm-none-eabi/lib/armv6-m\libg_s.a(lib_a-realloc.o)
                0x0000a0e0                realloc
 .text._sbrk_r  0x0000a0f8       0x24 c:/freescale/kds_v3/toolchain/bin/../lib/gcc/arm-none-eabi/4.8.4/../../../../arm-none-eabi/lib/armv6-m\libg_s.a(lib_a-sbrkr.o)
                0x0000a0f8                _sbrk_r
 .text._raise_r
                0x0000a11c       0x56 c:/freescale/kds_v3/toolchain/bin/../lib/gcc/arm-none-eabi/4.8.4/../../../../arm-none-eabi/lib/armv6-m\libg_s.a(lib_a-signal.o)
                0x0000a11c                _raise_r
 *fill*         0x0000a172        0x2 
 .text.raise    0x0000a174       0x14 c:/freescale/kds_v3/toolchain/bin/../lib/gcc/arm-none-eabi/4.8.4/../../../../arm-none-eabi/lib/armv6-m\libg_s.a(lib_a-signal.o)
                0x0000a174                raise
 .text._kill_r  0x0000a188       0x24 c:/freescale/kds_v3/toolchain/bin/../lib/gcc/arm-none-eabi/4.8.4/../../../../arm-none-eabi/lib/armv6-m\libg_s.a(lib_a-signalr.o)
                0x0000a188                _kill_r
 .text._getpid_r
                0x0000a1ac        0x8 c:/freescale/kds_v3/toolchain/bin/../lib/gcc/arm-none-eabi/4.8.4/../../../../arm-none-eabi/lib/armv6-m\libg_s.a(lib_a-signalr.o)
                0x0000a1ac                _getpid_r
 .text.sprintf  0x0000a1b4       0x44 c:/freescale/kds_v3/toolchain/bin/../lib/gcc/arm-none-eabi/4.8.4/../../../../arm-none-eabi/lib/armv6-m\libg_s.a(lib_a-sprintf.o)
                0x0000a1b4                siprintf
                0x0000a1b4                sprintf
 .text.strlen   0x0000a1f8        0xe c:/freescale/kds_v3/toolchain/bin/../lib/gcc/arm-none-eabi/4.8.4/../../../../arm-none-eabi/lib/armv6-m\libg_s.a(lib_a-strlen.o)
                0x0000a1f8                strlen
 .text.strncmp  0x0000a206       0x2c c:/freescale/kds_v3/toolchain/bin/../lib/gcc/arm-none-eabi/4.8.4/../../../../arm-none-eabi/lib/armv6-m\libg_s.a(lib_a-strncmp.o)
                0x0000a206                strncmp
 *fill*         0x0000a232        0x2 
 .text.__ssputs_r
                0x0000a234       0xc0 c:/freescale/kds_v3/toolchain/bin/../lib/gcc/arm-none-eabi/4.8.4/../../../../arm-none-eabi/lib/armv6-m\libg_s.a(lib_a-svfprintf.o)
                0x0000a234                __ssputs_r
 .text._svfprintf_r
                0x0000a2f4      0x1e0 c:/freescale/kds_v3/toolchain/bin/../lib/gcc/arm-none-eabi/4.8.4/../../../../arm-none-eabi/lib/armv6-m\libg_s.a(lib_a-svfprintf.o)
                0x0000a2f4                _svfiprintf_r
                0x0000a2f4                _svfprintf_r
 .text._printf_common
                0x0000a4d4       0xe8 c:/freescale/kds_v3/toolchain/bin/../lib/gcc/arm-none-eabi/4.8.4/../../../../arm-none-eabi/lib/armv6-m\libg_s.a(lib_a-vfprintf_i.o)
                0x0000a4d4                _printf_common
 .text._printf_i
                0x0000a5bc      0x22c c:/freescale/kds_v3/toolchain/bin/../lib/gcc/arm-none-eabi/4.8.4/../../../../arm-none-eabi/lib/armv6-m\libg_s.a(lib_a-vfprintf_i.o)
                0x0000a5bc                _printf_i
 .text.__swbuf_r
                0x0000a7e8       0xb0 c:/freescale/kds_v3/toolchain/bin/../lib/gcc/arm-none-eabi/4.8.4/../../../../arm-none-eabi/lib/armv6-m\libg_s.a(lib_a-wbuf.o)
                0x0000a7e8                __swbuf_r
 .text._write_r
                0x0000a898       0x28 c:/freescale/kds_v3/toolchain/bin/../lib/gcc/arm-none-eabi/4.8.4/../../../../arm-none-eabi/lib/armv6-m\libg_s.a(lib_a-writer.o)
                0x0000a898                _write_r
 .text.__swsetup_r
                0x0000a8c0       0xe4 c:/freescale/kds_v3/toolchain/bin/../lib/gcc/arm-none-eabi/4.8.4/../../../../arm-none-eabi/lib/armv6-m\libg_s.a(lib_a-wsetup.o)
                0x0000a8c0                __swsetup_r
 .text.__sflush_r
                0x0000a9a4      0x112 c:/freescale/kds_v3/toolchain/bin/../lib/gcc/arm-none-eabi/4.8.4/../../../../arm-none-eabi/lib/armv6-m\libg_s.a(lib_a-fflush.o)
                0x0000a9a4                __sflush_r
 *fill*         0x0000aab6        0x2 
 .text._fflush_r
                0x0000aab8       0x58 c:/freescale/kds_v3/toolchain/bin/../lib/gcc/arm-none-eabi/4.8.4/../../../../arm-none-eabi/lib/armv6-m\libg_s.a(lib_a-fflush.o)
                0x0000aab8                _fflush_r
 .text._cleanup_r
                0x0000ab10       0x34 c:/freescale/kds_v3/toolchain/bin/../lib/gcc/arm-none-eabi/4.8.4/../../../../arm-none-eabi/lib/armv6-m\libg_s.a(lib_a-findfp.o)
                0x0000ab10                _cleanup_r
 .text.std.isra.0
                0x0000ab44       0x48 c:/freescale/kds_v3/toolchain/bin/../lib/gcc/arm-none-eabi/4.8.4/../../../../arm-none-eabi/lib/armv6-m\libg_s.a(lib_a-findfp.o)
 .text.__sfmoreglue
                0x0000ab8c       0x2c c:/freescale/kds_v3/toolchain/bin/../lib/gcc/arm-none-eabi/4.8.4/../../../../arm-none-eabi/lib/armv6-m\libg_s.a(lib_a-findfp.o)
                0x0000ab8c                __sfmoreglue
 .text.__sinit  0x0000abb8       0x64 c:/freescale/kds_v3/toolchain/bin/../lib/gcc/arm-none-eabi/4.8.4/../../../../arm-none-eabi/lib/armv6-m\libg_s.a(lib_a-findfp.o)
                0x0000abb8                __sinit
 .text.__sfp    0x0000ac1c       0x7c c:/freescale/kds_v3/toolchain/bin/../lib/gcc/arm-none-eabi/4.8.4/../../../../arm-none-eabi/lib/armv6-m\libg_s.a(lib_a-findfp.o)
                0x0000ac1c                __sfp
 .text.__smakebuf_r
                0x0000ac98       0xa0 c:/freescale/kds_v3/toolchain/bin/../lib/gcc/arm-none-eabi/4.8.4/../../../../arm-none-eabi/lib/armv6-m\libg_s.a(lib_a-makebuf.o)
                0x0000ac98                __smakebuf_r
 .text.memchr   0x0000ad38       0x16 c:/freescale/kds_v3/toolchain/bin/../lib/gcc/arm-none-eabi/4.8.4/../../../../arm-none-eabi/lib/armv6-m\libg_s.a(lib_a-memchr-stub.o)
                0x0000ad38                memchr
 .text.memmove  0x0000ad4e       0x32 c:/freescale/kds_v3/toolchain/bin/../lib/gcc/arm-none-eabi/4.8.4/../../../../arm-none-eabi/lib/armv6-m\libg_s.a(lib_a-memmove.o)
                0x0000ad4e                memmove
 .text._realloc_r
                0x0000ad80       0x4c c:/freescale/kds_v3/toolchain/bin/../lib/gcc/arm-none-eabi/4.8.4/../../../../arm-none-eabi/lib/armv6-m\libg_s.a(lib_a-nano-reallocr.o)
                0x0000ad80                _realloc_r
 .text.__sread  0x0000adcc       0x28 c:/freescale/kds_v3/toolchain/bin/../lib/gcc/arm-none-eabi/4.8.4/../../../../arm-none-eabi/lib/armv6-m\libg_s.a(lib_a-stdio.o)
                0x0000adcc                __sread
 .text.__swrite
                0x0000adf4       0x38 c:/freescale/kds_v3/toolchain/bin/../lib/gcc/arm-none-eabi/4.8.4/../../../../arm-none-eabi/lib/armv6-m\libg_s.a(lib_a-stdio.o)
                0x0000adf4                __swrite
 .text.__sseek  0x0000ae2c       0x2c c:/freescale/kds_v3/toolchain/bin/../lib/gcc/arm-none-eabi/4.8.4/../../../../arm-none-eabi/lib/armv6-m\libg_s.a(lib_a-stdio.o)
                0x0000ae2c                __sseek
 .text.__sclose
                0x0000ae58        0xc c:/freescale/kds_v3/toolchain/bin/../lib/gcc/arm-none-eabi/4.8.4/../../../../arm-none-eabi/lib/armv6-m\libg_s.a(lib_a-stdio.o)
                0x0000ae58                __sclose
 .text._close_r
                0x0000ae64       0x24 c:/freescale/kds_v3/toolchain/bin/../lib/gcc/arm-none-eabi/4.8.4/../../../../arm-none-eabi/lib/armv6-m\libg_s.a(lib_a-closer.o)
                0x0000ae64                _close_r
 .text._fstat_r
                0x0000ae88       0x24 c:/freescale/kds_v3/toolchain/bin/../lib/gcc/arm-none-eabi/4.8.4/../../../../arm-none-eabi/lib/armv6-m\libg_s.a(lib_a-fstatr.o)
                0x0000ae88                _fstat_r
 .text._isatty_r
                0x0000aeac       0x24 c:/freescale/kds_v3/toolchain/bin/../lib/gcc/arm-none-eabi/4.8.4/../../../../arm-none-eabi/lib/armv6-m\libg_s.a(lib_a-isattyr.o)
                0x0000aeac                _isatty_r
 .text._lseek_r
                0x0000aed0       0x28 c:/freescale/kds_v3/toolchain/bin/../lib/gcc/arm-none-eabi/4.8.4/../../../../arm-none-eabi/lib/armv6-m\libg_s.a(lib_a-lseekr.o)
                0x0000aed0                _lseek_r
 .text._malloc_usable_size_r
                0x0000aef8       0x12 c:/freescale/kds_v3/toolchain/bin/../lib/gcc/arm-none-eabi/4.8.4/../../../../arm-none-eabi/lib/armv6-m\libg_s.a(lib_a-nano-msizer.o)
                0x0000aef8                _malloc_usable_size_r
 *fill*         0x0000af0a        0x2 
 .text._read_r  0x0000af0c       0x28 c:/freescale/kds_v3/toolchain/bin/../lib/gcc/arm-none-eabi/4.8.4/../../../../arm-none-eabi/lib/armv6-m\libg_s.a(lib_a-readr.o)
                0x0000af0c                _read_r
 .text._close   0x0000af34       0x10 c:/freescale/kds_v3/toolchain/bin/../lib/gcc/arm-none-eabi/4.8.4/../../../../arm-none-eabi/lib/armv6-m\libnosys.a(close.o)
                0x0000af34                _close
 .text._fstat   0x0000af44       0x10 c:/freescale/kds_v3/toolchain/bin/../lib/gcc/arm-none-eabi/4.8.4/../../../../arm-none-eabi/lib/armv6-m\libnosys.a(fstat.o)
                0x0000af44                _fstat
 .text._getpid  0x0000af54       0x10 c:/freescale/kds_v3/toolchain/bin/../lib/gcc/arm-none-eabi/4.8.4/../../../../arm-none-eabi/lib/armv6-m\libnosys.a(getpid.o)
                0x0000af54                _getpid
 .text._isatty  0x0000af64       0x10 c:/freescale/kds_v3/toolchain/bin/../lib/gcc/arm-none-eabi/4.8.4/../../../../arm-none-eabi/lib/armv6-m\libnosys.a(isatty.o)
                0x0000af64                _isatty
 .text._kill    0x0000af74       0x10 c:/freescale/kds_v3/toolchain/bin/../lib/gcc/arm-none-eabi/4.8.4/../../../../arm-none-eabi/lib/armv6-m\libnosys.a(kill.o)
                0x0000af74                _kill
 .text._lseek   0x0000af84       0x10 c:/freescale/kds_v3/toolchain/bin/../lib/gcc/arm-none-eabi/4.8.4/../../../../arm-none-eabi/lib/armv6-m\libnosys.a(lseek.o)
                0x0000af84                _lseek
 .text._read    0x0000af94       0x10 c:/freescale/kds_v3/toolchain/bin/../lib/gcc/arm-none-eabi/4.8.4/../../../../arm-none-eabi/lib/armv6-m\libnosys.a(read.o)
                0x0000af94                _read
 .text._sbrk    0x0000afa4       0x34 c:/freescale/kds_v3/toolchain/bin/../lib/gcc/arm-none-eabi/4.8.4/../../../../arm-none-eabi/lib/armv6-m\libnosys.a(sbrk.o)
                0x0000afa4                _sbrk
 .text._write   0x0000afd8       0x10 c:/freescale/kds_v3/toolchain/bin/../lib/gcc/arm-none-eabi/4.8.4/../../../../arm-none-eabi/lib/armv6-m\libnosys.a(write.o)
                0x0000afd8                _write
 .text._exit    0x0000afe8        0x4 c:/freescale/kds_v3/toolchain/bin/../lib/gcc/arm-none-eabi/4.8.4/../../../../arm-none-eabi/lib/armv6-m\libnosys.a(_exit.o)
                0x0000afe8                _exit
 *(.rodata)
 .rodata        0x0000afec     0x1020 c:/freescale/kds_v3/toolchain/bin/../lib/gcc/arm-none-eabi/4.8.4/../../../../arm-none-eabi/lib/armv6-m\libstdc++_s.a(cp-demangle.o)
 .rodata        0x0000c00c       0x40 c:/freescale/kds_v3/toolchain/bin/../lib/gcc/arm-none-eabi/4.8.4/armv6-m\libgcc.a(muldf3.o)
 *(.rodata*)
 .rodata._ZN14ControlService9doServiceE5sid_tP5BotaoS2_S2_P8ContadorP10ComparadorP8FlipFlop12Temporizador12OnOffService11SortService17TurnOffLedService12CountService
                0x0000c04c       0x14 ./Sources/ControlService.o
 .rodata.str1.1
                0x0000c060       0x80 c:/freescale/kds_v3/toolchain/bin/../lib/gcc/arm-none-eabi/4.8.4/../../../../arm-none-eabi/lib/armv6-m\libstdc++_s.a(vterminate.o)
 .rodata._ZTIN10__cxxabiv115__forced_unwindE
                0x0000c0e0        0x8 c:/freescale/kds_v3/toolchain/bin/../lib/gcc/arm-none-eabi/4.8.4/../../../../arm-none-eabi/lib/armv6-m\libstdc++_s.a(eh_exception.o)
                0x0000c0e0                typeinfo for __cxxabiv1::__forced_unwind
 .rodata._ZTSN10__cxxabiv119__foreign_exceptionE
                0x0000c0e8       0x24 c:/freescale/kds_v3/toolchain/bin/../lib/gcc/arm-none-eabi/4.8.4/../../../../arm-none-eabi/lib/armv6-m\libstdc++_s.a(eh_exception.o)
                0x0000c0e8                typeinfo name for __cxxabiv1::__foreign_exception
 .rodata._ZTIN10__cxxabiv119__foreign_exceptionE
                0x0000c10c        0x8 c:/freescale/kds_v3/toolchain/bin/../lib/gcc/arm-none-eabi/4.8.4/../../../../arm-none-eabi/lib/armv6-m\libstdc++_s.a(eh_exception.o)
                0x0000c10c                typeinfo for __cxxabiv1::__foreign_exception
 .rodata._ZTSN10__cxxabiv115__forced_unwindE
                0x0000c114       0x20 c:/freescale/kds_v3/toolchain/bin/../lib/gcc/arm-none-eabi/4.8.4/../../../../arm-none-eabi/lib/armv6-m\libstdc++_s.a(eh_exception.o)
                0x0000c114                typeinfo name for __cxxabiv1::__forced_unwind
 .rodata.str1.4
                0x0000c134      0x7f4 c:/freescale/kds_v3/toolchain/bin/../lib/gcc/arm-none-eabi/4.8.4/../../../../arm-none-eabi/lib/armv6-m\libstdc++_s.a(cp-demangle.o)
                                0x840 (size before relaxing)
 .rodata._ZTVN10__cxxabiv117__class_type_infoE
                0x0000c928       0x30 c:/freescale/kds_v3/toolchain/bin/../lib/gcc/arm-none-eabi/4.8.4/../../../../arm-none-eabi/lib/armv6-m\libstdc++_s.a(class_type_info.o)
                0x0000c928                vtable for __cxxabiv1::__class_type_info
 .rodata._ZTIN10__cxxabiv117__class_type_infoE
                0x0000c958        0xc c:/freescale/kds_v3/toolchain/bin/../lib/gcc/arm-none-eabi/4.8.4/../../../../arm-none-eabi/lib/armv6-m\libstdc++_s.a(class_type_info.o)
                0x0000c958                typeinfo for __cxxabiv1::__class_type_info
 .rodata._ZTSN10__cxxabiv117__class_type_infoE
                0x0000c964       0x22 c:/freescale/kds_v3/toolchain/bin/../lib/gcc/arm-none-eabi/4.8.4/../../../../arm-none-eabi/lib/armv6-m\libstdc++_s.a(class_type_info.o)
                0x0000c964                typeinfo name for __cxxabiv1::__class_type_info
 *fill*         0x0000c986        0x2 
 .rodata._ZTVN10__cxxabiv120__si_class_type_infoE
                0x0000c988       0x30 c:/freescale/kds_v3/toolchain/bin/../lib/gcc/arm-none-eabi/4.8.4/../../../../arm-none-eabi/lib/armv6-m\libstdc++_s.a(si_class_type_info.o)
                0x0000c988                vtable for __cxxabiv1::__si_class_type_info
 .rodata._ZTIN10__cxxabiv120__si_class_type_infoE
                0x0000c9b8        0xc c:/freescale/kds_v3/toolchain/bin/../lib/gcc/arm-none-eabi/4.8.4/../../../../arm-none-eabi/lib/armv6-m\libstdc++_s.a(si_class_type_info.o)
                0x0000c9b8                typeinfo for __cxxabiv1::__si_class_type_info
 .rodata._ZTSN10__cxxabiv120__si_class_type_infoE
                0x0000c9c4       0x25 c:/freescale/kds_v3/toolchain/bin/../lib/gcc/arm-none-eabi/4.8.4/../../../../arm-none-eabi/lib/armv6-m\libstdc++_s.a(si_class_type_info.o)
                0x0000c9c4                typeinfo name for __cxxabiv1::__si_class_type_info
 *fill*         0x0000c9e9        0x3 
 .rodata._ZTISt9type_info
                0x0000c9ec        0x8 c:/freescale/kds_v3/toolchain/bin/../lib/gcc/arm-none-eabi/4.8.4/../../../../arm-none-eabi/lib/armv6-m\libstdc++_s.a(tinfo.o)
                0x0000c9ec                typeinfo for std::type_info
 .rodata._ZTSSt9type_info
                0x0000c9f4        0xd c:/freescale/kds_v3/toolchain/bin/../lib/gcc/arm-none-eabi/4.8.4/../../../../arm-none-eabi/lib/armv6-m\libstdc++_s.a(tinfo.o)
                0x0000c9f4                typeinfo name for std::type_info
 *fill*         0x0000ca01        0x7 
 .rodata._ZTVSt9type_info
                0x0000ca08       0x20 c:/freescale/kds_v3/toolchain/bin/../lib/gcc/arm-none-eabi/4.8.4/../../../../arm-none-eabi/lib/armv6-m\libstdc++_s.a(tinfo.o)
                0x0000ca08                vtable for std::type_info
 .rodata.str1.1
                0x0000ca28        0x2 c:/freescale/kds_v3/toolchain/bin/../lib/gcc/arm-none-eabi/4.8.4/../../../../arm-none-eabi/lib/armv6-m\libg_s.a(lib_a-impure.o)
 *fill*         0x0000ca2a        0x2 
 .rodata._global_impure_ptr
                0x0000ca2c        0x4 c:/freescale/kds_v3/toolchain/bin/../lib/gcc/arm-none-eabi/4.8.4/../../../../arm-none-eabi/lib/armv6-m\libg_s.a(lib_a-impure.o)
                0x0000ca2c                _global_impure_ptr
 .rodata.str1.1
                0x0000ca30       0x11 c:/freescale/kds_v3/toolchain/bin/../lib/gcc/arm-none-eabi/4.8.4/../../../../arm-none-eabi/lib/armv6-m\libg_s.a(lib_a-svfprintf.o)
 .rodata.str1.1
                0x0000ca41       0x22 c:/freescale/kds_v3/toolchain/bin/../lib/gcc/arm-none-eabi/4.8.4/../../../../arm-none-eabi/lib/armv6-m\libg_s.a(lib_a-vfprintf_i.o)
 *fill*         0x0000ca63        0x1 
 .rodata.__sf_fake_stdin
                0x0000ca64       0x20 c:/freescale/kds_v3/toolchain/bin/../lib/gcc/arm-none-eabi/4.8.4/../../../../arm-none-eabi/lib/armv6-m\libg_s.a(lib_a-findfp.o)
                0x0000ca64                __sf_fake_stdin
 .rodata.__sf_fake_stdout
                0x0000ca84       0x20 c:/freescale/kds_v3/toolchain/bin/../lib/gcc/arm-none-eabi/4.8.4/../../../../arm-none-eabi/lib/armv6-m\libg_s.a(lib_a-findfp.o)
                0x0000ca84                __sf_fake_stdout
 .rodata.__sf_fake_stderr
                0x0000caa4       0x20 c:/freescale/kds_v3/toolchain/bin/../lib/gcc/arm-none-eabi/4.8.4/../../../../arm-none-eabi/lib/armv6-m\libg_s.a(lib_a-findfp.o)
                0x0000caa4                __sf_fake_stderr
 *(.glue_7)
 .glue_7        0x00000000        0x0 linker stubs
 *(.glue_7t)
 .glue_7t       0x00000000        0x0 linker stubs
 *(.eh_frame)
 .eh_frame      0x0000cac4        0x0 c:/freescale/kds_v3/toolchain/bin/../lib/gcc/arm-none-eabi/4.8.4/armv6-m/crtbegin.o
 *(.init)
 .init          0x0000cac4        0x4 c:/freescale/kds_v3/toolchain/bin/../lib/gcc/arm-none-eabi/4.8.4/armv6-m/crti.o
                0x0000cac4                _init
 .init          0x0000cac8        0x8 c:/freescale/kds_v3/toolchain/bin/../lib/gcc/arm-none-eabi/4.8.4/armv6-m/crtn.o
 *(.fini)
 .fini          0x0000cad0        0x4 c:/freescale/kds_v3/toolchain/bin/../lib/gcc/arm-none-eabi/4.8.4/armv6-m/crti.o
                0x0000cad0                _fini
 .fini          0x0000cad4        0x8 c:/freescale/kds_v3/toolchain/bin/../lib/gcc/arm-none-eabi/4.8.4/armv6-m/crtn.o
                0x0000cadc                . = ALIGN (0x4)

.vfp11_veneer   0x0000cadc        0x0
 .vfp11_veneer  0x00000000        0x0 linker stubs

.v4_bx          0x0000cadc        0x0
 .v4_bx         0x00000000        0x0 linker stubs

.iplt           0x0000cadc        0x0
 .iplt          0x00000000        0x0 c:/freescale/kds_v3/toolchain/bin/../lib/gcc/arm-none-eabi/4.8.4/armv6-m/crtbegin.o

.ARM.extab      0x0000cadc      0x1e4
 *(.ARM.extab* .gnu.linkonce.armextab.*)
 .ARM.extab.text._ZN5BotaoC2E8gpio_Pin
                0x0000cadc        0xc ./Sources/Botao.o
 .ARM.extab.text._ZN5Botao4isOnEv
                0x0000cae8        0xc ./Sources/Botao.o
 .ARM.extab.text._ZN14ControlService5setupEP8ContadorP10ComparadorP8FlipFlopP5BotaoS7_S7_
                0x0000caf4       0x4c ./Sources/ControlService.o
 .ARM.extab.text._ZN14ControlService10readInputsEP5BotaoS1_S1_
                0x0000cb40        0xc ./Sources/ControlService.o
 .ARM.extab.text._ZN14ControlService12writeOutputsE5led_t3LedS1_
                0x0000cb4c        0xc ./Sources/ControlService.o
 .ARM.extab.text._ZN12CountService12contaServiceEP8Contador
                0x0000cb58        0xc ./Sources/CountService.o
 .ARM.extab.text._ZN3LedC2E8gpio_Pin
                0x0000cb64        0xc ./Sources/Led.o
 .ARM.extab.text._ZN3Led6turnOnEv
                0x0000cb70        0xc ./Sources/Led.o
 .ARM.extab.text._ZN3Led7turnOffEv
                0x0000cb7c        0xc ./Sources/Led.o
 .ARM.extab.text._ZN12OnOffService9onServiceEP8ContadorP10ComparadorP8FlipFlop12Temporizador
                0x0000cb88        0xc ./Sources/OnOffService.o
 .ARM.extab.text._ZN12OnOffService10offServiceEP8ContadorP10ComparadorP8FlipFlop12Temporizador
                0x0000cb94        0xc ./Sources/OnOffService.o
 .ARM.extab.text._ZN11SortService11sortServiceEP10ComparadorP8FlipFlopP8Contador
                0x0000cba0        0xc ./Sources/SortService.o
 .ARM.extab.text._ZN12TemporizadorC2Em19systick_clockSource
                0x0000cbac        0xc ./Sources/Temporizador.o
 .ARM.extab.text._ZN12Temporizador4ligaEv
                0x0000cbb8        0xc ./Sources/Temporizador.o
 .ARM.extab.text._ZN12Temporizador7desligaEv
                0x0000cbc4        0xc ./Sources/Temporizador.o
 .ARM.extab.text._ZN17TurnOffLedService15apagaLedServiceEP8FlipFlop
                0x0000cbd0        0xc ./Sources/TurnOffLedService.o
 .ARM.extab.text._ZN8mkl_GPIOC2Ev
                0x0000cbdc        0x0 ./Sources/mkl_GPIOPort.o
 .ARM.extab.text._ZN12mkl_GPIOPortC2E8gpio_Pin
                0x0000cbdc        0xc ./Sources/mkl_GPIOPort.o
 .ARM.extab.text._ZN11mkl_SystickC2Ev
                0x0000cbe8        0x0 ./Sources/mkl_SystickPeriodicInterrupt.o
 .ARM.extab.text._ZN28mkl_SystickPeriodicInterruptC2Em19systick_clockSource
                0x0000cbe8        0xc ./Sources/mkl_SystickPeriodicInterrupt.o
 .ARM.extab.text._ZN28mkl_SystickPeriodicInterrupt22enableInterruptRequestEv
                0x0000cbf4        0xc ./Sources/mkl_SystickPeriodicInterrupt.o
 .ARM.extab.text._ZN28mkl_SystickPeriodicInterrupt23disableInterruptRequestEv
                0x0000cc00        0xc ./Sources/mkl_SystickPeriodicInterrupt.o
 .ARM.extab.text.SysTick_Handler
                0x0000cc0c        0xc ./main.o
 .ARM.extab.text.main
                0x0000cc18        0xc ./main.o
 .ARM.extab     0x0000cc24       0x6c c:/freescale/kds_v3/toolchain/bin/../lib/gcc/arm-none-eabi/4.8.4/armv6-m\libgcc.a(unwind-arm.o)
 .ARM.extab     0x0000cc90       0x30 c:/freescale/kds_v3/toolchain/bin/../lib/gcc/arm-none-eabi/4.8.4/armv6-m\libgcc.a(pr-support.o)

.ARM            0x0000ccc0      0x1f8
                0x0000ccc0                __exidx_start = .
 *(.ARM.exidx*)
 .ARM.exidx     0x0000ccc0        0x8 c:/freescale/kds_v3/toolchain/bin/../lib/gcc/arm-none-eabi/4.8.4/../../../../arm-none-eabi/lib/armv6-m/crt0.o
 .ARM.exidx.text._ZN5BotaoC2E8gpio_Pin
                0x0000cda0        0x8 ./Sources/Botao.o
 .ARM.exidx.text._ZN5Botao4isOnEv
                0x0000cda8        0x8 ./Sources/Botao.o
 .ARM.exidx.text._ZN10ComparadorC2Ev
                0x0000cdb0        0x8 ./Sources/Comparador.o
 .ARM.exidx.text._ZN10Comparador8setDataAEm
                0x0000cdb8        0x0 ./Sources/Comparador.o
                                  0x8 (size before relaxing)
 .ARM.exidx.text._ZN10Comparador8setDataBEh
                0x0000cdb8        0x0 ./Sources/Comparador.o
                                  0x8 (size before relaxing)
 .ARM.exidx.text._ZN10Comparador7compareEv
                0x0000cdb8        0x0 ./Sources/Comparador.o
                                  0x8 (size before relaxing)
 .ARM.exidx.text._ZN8ContadorC2Ev
                0x0000cdb8        0x0 ./Sources/Contador.o
                                  0x8 (size before relaxing)
 .ARM.exidx.text._ZN8Contador4loadEh
                0x0000cdb8        0x0 ./Sources/Contador.o
                                  0x8 (size before relaxing)
 .ARM.exidx.text._ZN8Contador10incrementaEv
                0x0000cdb8        0x0 ./Sources/Contador.o
                                  0x8 (size before relaxing)
 .ARM.exidx.text._ZN8Contador5readQEv
                0x0000cdb8        0x0 ./Sources/Contador.o
                                  0x8 (size before relaxing)
 .ARM.exidx.text._ZN8Contador6aclearEv
                0x0000cdb8        0x0 ./Sources/Contador.o
                                  0x8 (size before relaxing)
 .ARM.exidx.text._ZN8Contador6enableEv
                0x0000cdb8        0x0 ./Sources/Contador.o
                                  0x8 (size before relaxing)
 .ARM.exidx.text._ZN8Contador7disableEv
                0x0000cdb8        0x0 ./Sources/Contador.o
                                  0x8 (size before relaxing)
 .ARM.exidx.text._ZN8Contador7readCinEv
                0x0000cdb8        0x0 ./Sources/Contador.o
                                  0x8 (size before relaxing)
 .ARM.exidx.text._ZN14ControlServiceC2Ev
                0x0000cdb8        0x0 ./Sources/ControlService.o
                                  0x8 (size before relaxing)
 .ARM.exidx.text._ZN14ControlService5setupEP8ContadorP10ComparadorP8FlipFlopP5BotaoS7_S7_
                0x0000cdb8        0x8 ./Sources/ControlService.o
 .ARM.exidx.text._ZN14ControlService10readInputsEP5BotaoS1_S1_
                0x0000cdc0        0x8 ./Sources/ControlService.o
 .ARM.exidx.text._ZN14ControlService13selectServiceE5btn_t
                0x0000cdc8        0x8 ./Sources/ControlService.o
 .ARM.exidx.text._ZN14ControlService9doServiceE5sid_tP5BotaoS2_S2_P8ContadorP10ComparadorP8FlipFlop12Temporizador12OnOffService11SortService17TurnOffLedService12CountService
                0x0000cdd0        0x8 ./Sources/ControlService.o
 .ARM.exidx.text._ZN14ControlService12writeOutputsE5led_t3LedS1_
                0x0000cdd8        0x8 ./Sources/ControlService.o
 .ARM.exidx.text._ZN14ControlService7readBtnEv
                0x0000cde0        0x8 ./Sources/ControlService.o
 .ARM.exidx.text._ZN14ControlService7readSidEv
                0x0000cde8        0x0 ./Sources/ControlService.o
                                  0x8 (size before relaxing)
 .ARM.exidx.text._ZN14ControlService7readLedEv
                0x0000cde8        0x0 ./Sources/ControlService.o
                                  0x8 (size before relaxing)
 .ARM.exidx.text._ZN12CountServiceC2Ev
                0x0000cde8        0x0 ./Sources/CountService.o
                                  0x8 (size before relaxing)
 .ARM.exidx.text._ZN12CountService12contaServiceEP8Contador
                0x0000cde8        0x8 ./Sources/CountService.o
 .ARM.exidx.text._ZN8FlipFlopC2Ev
                0x0000cdf0        0x8 ./Sources/FlipFlop.o
 .ARM.exidx.text._ZN8FlipFlop8setDataAEh
                0x0000cdf8        0x0 ./Sources/FlipFlop.o
                                  0x8 (size before relaxing)
 .ARM.exidx.text._ZN8FlipFlop8flipFlopEv
                0x0000cdf8        0x0 ./Sources/FlipFlop.o
                                  0x8 (size before relaxing)
 .ARM.exidx.text._ZN8FlipFlop8apagaLedEv
                0x0000cdf8        0x0 ./Sources/FlipFlop.o
                                  0x8 (size before relaxing)
 .ARM.exidx.text._ZN8FlipFlop6enableEv
                0x0000cdf8        0x0 ./Sources/FlipFlop.o
                                  0x8 (size before relaxing)
 .ARM.exidx.text._ZN8FlipFlop7disableEv
                0x0000cdf8        0x0 ./Sources/FlipFlop.o
                                  0x8 (size before relaxing)
 .ARM.exidx.text._ZN3LedC2E8gpio_Pin
                0x0000cdf8        0x8 ./Sources/Led.o
 .ARM.exidx.text._ZN3Led6turnOnEv
                0x0000ce00        0x8 ./Sources/Led.o
 .ARM.exidx.text._ZN3Led7turnOffEv
                0x0000ce08        0x8 ./Sources/Led.o
 .ARM.exidx.text._ZN12OnOffServiceC2Ev
                0x0000ce10        0x8 ./Sources/OnOffService.o
 .ARM.exidx.text._ZN12OnOffService9onServiceEP8ContadorP10ComparadorP8FlipFlop12Temporizador
                0x0000ce18        0x8 ./Sources/OnOffService.o
 .ARM.exidx.text._ZN12OnOffService10offServiceEP8ContadorP10ComparadorP8FlipFlop12Temporizador
                0x0000ce20        0x8 ./Sources/OnOffService.o
 .ARM.exidx.text._ZN12OnOffService5onOffEP5BotaoP8ContadorP10ComparadorP8FlipFlop12Temporizador
                0x0000ce28        0x8 ./Sources/OnOffService.o
 .ARM.exidx.text._ZN11SortServiceC2Ev
                0x0000ce30        0x8 ./Sources/SortService.o
 .ARM.exidx.text._ZN11SortService11sortServiceEP10ComparadorP8FlipFlopP8Contador
                0x0000ce38        0x8 ./Sources/SortService.o
 .ARM.exidx.text._ZN12TemporizadorC2Em19systick_clockSource
                0x0000ce40        0x8 ./Sources/Temporizador.o
 .ARM.exidx.text._ZN12Temporizador4ligaEv
                0x0000ce48        0x8 ./Sources/Temporizador.o
 .ARM.exidx.text._ZN12Temporizador7desligaEv
                0x0000ce50        0x8 ./Sources/Temporizador.o
 .ARM.exidx.text._ZN17TurnOffLedServiceC2Ev
                0x0000ce58        0x8 ./Sources/TurnOffLedService.o
 .ARM.exidx.text._ZN17TurnOffLedService15apagaLedServiceEP8FlipFlop
                0x0000ce60        0x8 ./Sources/TurnOffLedService.o
 .ARM.exidx.text._Z5delaym
                0x0000ce68        0x8 ./Sources/delay.o
 .ARM.exidx.text._ZN8mkl_GPIO11setPortModeE13gpio_PortMode
                0x0000ce70        0x0 ./Sources/mkl_GPIO.o
                                  0x8 (size before relaxing)
 .ARM.exidx.text._ZN8mkl_GPIO15setPullResistorE17gpio_PullResistor
                0x0000ce70        0x0 ./Sources/mkl_GPIO.o
                                  0x8 (size before relaxing)
 .ARM.exidx.text._ZN8mkl_GPIO8writeBitEi
                0x0000ce70        0x0 ./Sources/mkl_GPIO.o
                                  0x8 (size before relaxing)
 .ARM.exidx.text._ZN8mkl_GPIO7readBitEv
                0x0000ce70        0x0 ./Sources/mkl_GPIO.o
                                  0x8 (size before relaxing)
 .ARM.exidx.text._ZN8mkl_GPIO14bindPeripheralEhh
                0x0000ce70        0x0 ./Sources/mkl_GPIO.o
                                  0x8 (size before relaxing)
 .ARM.exidx.text._ZN8mkl_GPIO17enableModuleClockEh
                0x0000ce70        0x0 ./Sources/mkl_GPIO.o
                                  0x8 (size before relaxing)
 .ARM.exidx.text._ZN8mkl_GPIO20selectMuxAlternativeEv
                0x0000ce70        0x0 ./Sources/mkl_GPIO.o
                                  0x8 (size before relaxing)
 .ARM.exidx.text._ZN8mkl_GPIO17setGPIOParametersE8gpio_PinRmS1_
                0x0000ce70        0x0 ./Sources/mkl_GPIO.o
                                  0x8 (size before relaxing)
 .ARM.exidx.text._ZN8mkl_GPIOC2Ev
                0x0000ce70        0x0 ./Sources/mkl_GPIOPort.o
                                  0x8 (size before relaxing)
 .ARM.exidx.text._ZN12mkl_GPIOPortC2E8gpio_Pin
                0x0000ce70        0x8 ./Sources/mkl_GPIOPort.o
 .ARM.exidx.text._ZN11mkl_Systick14setClockSourceE19systick_clockSource
                0x0000ce78        0x8 ./Sources/mkl_Systick.o
 .ARM.exidx.text._ZN11mkl_Systick9setReloadEm
                0x0000ce80        0x0 ./Sources/mkl_Systick.o
                                  0x8 (size before relaxing)
 .ARM.exidx.text._ZN11mkl_Systick13enableCounterEv
                0x0000ce80        0x0 ./Sources/mkl_Systick.o
                                  0x8 (size before relaxing)
 .ARM.exidx.text._ZN11mkl_Systick14disableCounterEv
                0x0000ce80        0x0 ./Sources/mkl_Systick.o
                                  0x8 (size before relaxing)
 .ARM.exidx.text._ZN11mkl_Systick12clearCounterEv
                0x0000ce80        0x0 ./Sources/mkl_Systick.o
                                  0x8 (size before relaxing)
 .ARM.exidx.text._ZN11mkl_Systick15enableInterruptEv
                0x0000ce80        0x0 ./Sources/mkl_Systick.o
                                  0x8 (size before relaxing)
 .ARM.exidx.text._ZN11mkl_Systick16disableInterruptEv
                0x0000ce80        0x0 ./Sources/mkl_Systick.o
                                  0x8 (size before relaxing)
 .ARM.exidx.text._ZN11mkl_Systick11setRegisterEv
                0x0000ce80        0x0 ./Sources/mkl_Systick.o
                                  0x8 (size before relaxing)
 .ARM.exidx.text.NVIC_EnableIRQ
                0x0000ce80        0x0 ./Sources/mkl_SystickPeriodicInterrupt.o
                                  0x8 (size before relaxing)
 .ARM.exidx.text.NVIC_DisableIRQ
                0x0000ce80        0x0 ./Sources/mkl_SystickPeriodicInterrupt.o
                                  0x8 (size before relaxing)
 .ARM.exidx.text._ZN11mkl_SystickC2Ev
                0x0000ce80        0x0 ./Sources/mkl_SystickPeriodicInterrupt.o
                                  0x8 (size before relaxing)
 .ARM.exidx.text._ZN28mkl_SystickPeriodicInterruptC2Em19systick_clockSource
                0x0000ce80        0x8 ./Sources/mkl_SystickPeriodicInterrupt.o
 .ARM.exidx.text._ZN28mkl_SystickPeriodicInterrupt22enableInterruptRequestEv
                0x0000ce88        0x8 ./Sources/mkl_SystickPeriodicInterrupt.o
 .ARM.exidx.text._ZN28mkl_SystickPeriodicInterrupt23disableInterruptRequestEv
                0x0000ce90        0x8 ./Sources/mkl_SystickPeriodicInterrupt.o
 .ARM.exidx.text._ZN28mkl_SystickPeriodicInterrupt11reloadValueEm19systick_clockSource
                0x0000ce98        0x8 ./Sources/mkl_SystickPeriodicInterrupt.o
 .ARM.exidx.text.SysTick_Handler
                0x0000cea0        0x8 ./main.o
 .ARM.exidx.text.main
                0x0000cea8        0x8 ./main.o
 .ARM.exidx.text._Z41__static_initialization_and_destruction_0ii
                0x0000ceb0        0x8 ./main.o
 .ARM.exidx.text._GLOBAL__sub_I_btnLD
                0x0000ceb8        0x0 ./main.o
                                  0x8 (size before relaxing)
 .ARM.exidx     0x0000ccc8       0xa0 c:/freescale/kds_v3/toolchain/bin/../lib/gcc/arm-none-eabi/4.8.4/armv6-m\libgcc.a(unwind-arm.o)
                                 0xd8 (size before relaxing)
 .ARM.exidx     0x0000cd68       0x38 c:/freescale/kds_v3/toolchain/bin/../lib/gcc/arm-none-eabi/4.8.4/armv6-m\libgcc.a(pr-support.o)
                                 0x48 (size before relaxing)
                0x0000ceb8                __exidx_end = .

.rel.dyn        0x0000ceb8        0x0
 .rel.iplt      0x00000000        0x0 c:/freescale/kds_v3/toolchain/bin/../lib/gcc/arm-none-eabi/4.8.4/armv6-m/crtbegin.o

.ctors          0x0000ceb8        0x0
                0x0000ceb8                __CTOR_LIST__ = .
 *crtbegin.o(.ctors)
 *crtbegin?.o(.ctors)
 *(EXCLUDE_FILE(*crtend.o *crtend?.o) .ctors)
 *(SORT(.ctors.*))
 *(.ctors)
                0x0000ceb8                __CTOR_END__ = .

.dtors          0x0000ceb8        0x0
                0x0000ceb8                __DTOR_LIST__ = .
 *crtbegin.o(.dtors)
 *crtbegin?.o(.dtors)
 *(EXCLUDE_FILE(*crtend.o *crtend?.o) .dtors)
 *(SORT(.dtors.*))
 *(.dtors)
                0x0000ceb8                __DTOR_END__ = .

.preinit_array  0x0000ceb8        0x0
                0x0000ceb8                PROVIDE (__preinit_array_start, .)
 *(.preinit_array*)
                0x0000ceb8                PROVIDE (__preinit_array_end, .)

.init_array     0x0000ceb8        0x8
                0x0000ceb8                PROVIDE (__init_array_start, .)
 *(SORT(.init_array.*))
 *(.init_array*)
 .init_array    0x0000ceb8        0x4 c:/freescale/kds_v3/toolchain/bin/../lib/gcc/arm-none-eabi/4.8.4/armv6-m/crtbegin.o
 .init_array    0x0000cebc        0x4 ./main.o
                0x0000cec0                PROVIDE (__init_array_end, .)

.fini_array     0x0000cec0        0x4
                0x0000cec0                PROVIDE (__fini_array_start, .)
 *(SORT(.fini_array.*))
 *(.fini_array*)
 .fini_array    0x0000cec0        0x4 c:/freescale/kds_v3/toolchain/bin/../lib/gcc/arm-none-eabi/4.8.4/armv6-m/crtbegin.o
                0x0000cec4                PROVIDE (__fini_array_end, .)
                0x0000cec4                __etext = .
                0x0000cec4                __DATA_ROM = .

.mtb            0x1ffff000        0x0
                0x1ffff000                . = ALIGN (0x8)
                0x1ffff000                _mtb_start = .
 *(.mtb_buf)
                0x1ffff000                . = ALIGN (0x8)
                0x1ffff000                _mtb_end = .

.data           0x1ffff000       0x70 load address 0x0000cec4
                0x1ffff000                . = ALIGN (0x4)
                0x1ffff000                __DATA_RAM = .
                0x1ffff000                __data_start__ = .
 *(.data)
 *(.data*)
 .data._ZN10__cxxabiv120__unexpected_handlerE
                0x1ffff000        0x4 c:/freescale/kds_v3/toolchain/bin/../lib/gcc/arm-none-eabi/4.8.4/../../../../arm-none-eabi/lib/armv6-m\libstdc++_s.a(eh_unex_handler.o)
                0x1ffff000                __cxxabiv1::__unexpected_handler
 .data._ZN10__cxxabiv119__terminate_handlerE
                0x1ffff004        0x4 c:/freescale/kds_v3/toolchain/bin/../lib/gcc/arm-none-eabi/4.8.4/../../../../arm-none-eabi/lib/armv6-m\libstdc++_s.a(eh_term_handler.o)
                0x1ffff004                __cxxabiv1::__terminate_handler
 .data.impure_data
                0x1ffff008       0x60 c:/freescale/kds_v3/toolchain/bin/../lib/gcc/arm-none-eabi/4.8.4/../../../../arm-none-eabi/lib/armv6-m\libg_s.a(lib_a-impure.o)
 .data._impure_ptr
                0x1ffff068        0x4 c:/freescale/kds_v3/toolchain/bin/../lib/gcc/arm-none-eabi/4.8.4/../../../../arm-none-eabi/lib/armv6-m\libg_s.a(lib_a-impure.o)
                0x1ffff068                _impure_ptr
 *(.jcr*)
 .jcr           0x1ffff06c        0x0 c:/freescale/kds_v3/toolchain/bin/../lib/gcc/arm-none-eabi/4.8.4/armv6-m/crtbegin.o
 .jcr           0x1ffff06c        0x4 c:/freescale/kds_v3/toolchain/bin/../lib/gcc/arm-none-eabi/4.8.4/armv6-m/crtend.o
                0x1ffff070                . = ALIGN (0x4)
                0x1ffff070                __data_end__ = .
                0x0000cf34                __DATA_END = (__DATA_ROM + (__data_end__ - __data_start__))

.igot.plt       0x1ffff070        0x0 load address 0x0000cf34
 .igot.plt      0x00000000        0x0 c:/freescale/kds_v3/toolchain/bin/../lib/gcc/arm-none-eabi/4.8.4/armv6-m/crtbegin.o

.bss            0x1ffff070       0xac load address 0x0000cf34
                0x1ffff070                . = ALIGN (0x4)
                0x1ffff070                __START_BSS = .
                0x1ffff070                __bss_start__ = .
 *(.bss)
 .bss           0x1ffff070       0x1c c:/freescale/kds_v3/toolchain/bin/../lib/gcc/arm-none-eabi/4.8.4/armv6-m/crtbegin.o
 *(.bss*)
 .bss.btnLD     0x1ffff08c        0x4 ./main.o
                0x1ffff08c                btnLD
 .bss.btnSorteio
                0x1ffff090        0x4 ./main.o
                0x1ffff090                btnSorteio
 .bss.btnLedOff
                0x1ffff094        0x4 ./main.o
                0x1ffff094                btnLedOff
 .bss.ledStb    0x1ffff098       0x18 ./main.o
                0x1ffff098                ledStb
 .bss.ledSort   0x1ffff0b0       0x18 ./main.o
                0x1ffff0b0                ledSort
 .bss.contador  0x1ffff0c8        0x4 ./main.o
                0x1ffff0c8                contador
 .bss.comparador
                0x1ffff0cc        0x4 ./main.o
                0x1ffff0cc                comparador
 .bss.flipflop  0x1ffff0d0        0x4 ./main.o
                0x1ffff0d0                flipflop
 .bss.temporizador
                0x1ffff0d4       0x10 ./main.o
                0x1ffff0d4                temporizador
 .bss.serviceLD
                0x1ffff0e4        0x4 ./main.o
                0x1ffff0e4                serviceLD
 .bss.serviceSort
                0x1ffff0e8        0x4 ./main.o
                0x1ffff0e8                serviceSort
 .bss.serviceTurnOffLed
                0x1ffff0ec        0x4 ./main.o
                0x1ffff0ec                serviceTurnOffLed
 .bss.serviceCount
                0x1ffff0f0        0x4 ./main.o
                0x1ffff0f0                serviceCount
 .bss.serviceControl
                0x1ffff0f4        0x4 ./main.o
                0x1ffff0f4                serviceControl
 .bss.__new_handler
                0x1ffff0f8        0x4 c:/freescale/kds_v3/toolchain/bin/../lib/gcc/arm-none-eabi/4.8.4/../../../../arm-none-eabi/lib/armv6-m\libstdc++_s.a(new_handler.o)
                0x1ffff0f8                __new_handler
 .bss._ZL10eh_globals
                0x1ffff0fc        0xc c:/freescale/kds_v3/toolchain/bin/../lib/gcc/arm-none-eabi/4.8.4/../../../../arm-none-eabi/lib/armv6-m\libstdc++_s.a(eh_globals.o)
 .bss._ZZN9__gnu_cxx27__verbose_terminate_handlerEvE11terminating
                0x1ffff108        0x1 c:/freescale/kds_v3/toolchain/bin/../lib/gcc/arm-none-eabi/4.8.4/../../../../arm-none-eabi/lib/armv6-m\libstdc++_s.a(vterminate.o)
 *fill*         0x1ffff109        0x3 
 .bss.__malloc_sbrk_start
                0x1ffff10c        0x4 c:/freescale/kds_v3/toolchain/bin/../lib/gcc/arm-none-eabi/4.8.4/../../../../arm-none-eabi/lib/armv6-m\libg_s.a(lib_a-nano-mallocr.o)
                0x1ffff10c                __malloc_sbrk_start
 .bss.__malloc_free_list
                0x1ffff110        0x4 c:/freescale/kds_v3/toolchain/bin/../lib/gcc/arm-none-eabi/4.8.4/../../../../arm-none-eabi/lib/armv6-m\libg_s.a(lib_a-nano-mallocr.o)
                0x1ffff110                __malloc_free_list
 .bss.heap_end.4246
                0x1ffff114        0x4 c:/freescale/kds_v3/toolchain/bin/../lib/gcc/arm-none-eabi/4.8.4/../../../../arm-none-eabi/lib/armv6-m\libnosys.a(sbrk.o)
 *(COMMON)
 COMMON         0x1ffff118        0x4 c:/freescale/kds_v3/toolchain/bin/../lib/gcc/arm-none-eabi/4.8.4/../../../../arm-none-eabi/lib/armv6-m\libg_s.a(lib_a-reent.o)
                0x1ffff118                errno
                0x1ffff11c                . = ALIGN (0x4)
                0x1ffff11c                __bss_end__ = .
                0x1ffff11c                __END_BSS = .

.heap           0x1ffff11c      0x404 load address 0x0000cfe0
                0x1ffff120                . = ALIGN (0x8)
 *fill*         0x1ffff11c        0x4 
                0x1ffff120                __end__ = .
                0x1ffff120                PROVIDE (end, .)
                0x1ffff120                __HeapBase = .
                0x1ffff520                . = (. + HEAP_SIZE)
 *fill*         0x1ffff120      0x400 
                0x1ffff520                __HeapLimit = .

.stack          0x1ffff520      0x400 load address 0x0000d3e4
                0x1ffff520                . = ALIGN (0x8)
                0x1ffff920                . = (. + STACK_SIZE)
 *fill*         0x1ffff520      0x400 
                0x20003000                __StackTop = (ORIGIN (m_data) + 0x4000)
                0x20002c00                __StackLimit = (__StackTop - STACK_SIZE)
                0x20003000                PROVIDE (__stack, __StackTop)

.ARM.attributes
                0x00000000       0x28
 *(.ARM.attributes)
 .ARM.attributes
                0x00000000       0x1e c:/freescale/kds_v3/toolchain/bin/../lib/gcc/arm-none-eabi/4.8.4/armv6-m/crti.o
 .ARM.attributes
                0x0000001e       0x2c c:/freescale/kds_v3/toolchain/bin/../lib/gcc/arm-none-eabi/4.8.4/armv6-m/crtbegin.o
 .ARM.attributes
                0x0000004a       0x1b c:/freescale/kds_v3/toolchain/bin/../lib/gcc/arm-none-eabi/4.8.4/../../../../arm-none-eabi/lib/armv6-m/crt0.o
 .ARM.attributes
                0x00000065       0x32 ./Sources/Botao.o
 .ARM.attributes
                0x00000097       0x32 ./Sources/Comparador.o
 .ARM.attributes
                0x000000c9       0x32 ./Sources/Contador.o
 .ARM.attributes
                0x000000fb       0x32 ./Sources/ControlService.o
 .ARM.attributes
                0x0000012d       0x32 ./Sources/CountService.o
 .ARM.attributes
                0x0000015f       0x32 ./Sources/FlipFlop.o
 .ARM.attributes
                0x00000191       0x32 ./Sources/Led.o
 .ARM.attributes
                0x000001c3       0x32 ./Sources/OnOffService.o
 .ARM.attributes
                0x000001f5       0x32 ./Sources/SortService.o
 .ARM.attributes
                0x00000227       0x32 ./Sources/Temporizador.o
 .ARM.attributes
                0x00000259       0x32 ./Sources/TurnOffLedService.o
 .ARM.attributes
                0x0000028b       0x32 ./Sources/delay.o
 .ARM.attributes
                0x000002bd       0x32 ./Sources/mkl_GPIO.o
 .ARM.attributes
                0x000002ef       0x32 ./Sources/mkl_GPIOPort.o
 .ARM.attributes
                0x00000321       0x32 ./Sources/mkl_Systick.o
 .ARM.attributes
                0x00000353       0x32 ./Sources/mkl_SystickPeriodicInterrupt.o
 .ARM.attributes
                0x00000385       0x1b ./Project_Settings/Startup_Code/startup_MKL25Z4.o
 .ARM.attributes
                0x000003a0       0x32 ./Project_Settings/Startup_Code/system_MKL25Z4.o
 .ARM.attributes
                0x000003d2       0x32 ./main.o
 .ARM.attributes
                0x00000404       0x2c c:/freescale/kds_v3/toolchain/bin/../lib/gcc/arm-none-eabi/4.8.4/../../../../arm-none-eabi/lib/armv6-m\libstdc++_s.a(eh_arm.o)
 .ARM.attributes
                0x00000430       0x2c c:/freescale/kds_v3/toolchain/bin/../lib/gcc/arm-none-eabi/4.8.4/../../../../arm-none-eabi/lib/armv6-m\libstdc++_s.a(eh_terminate.o)
 .ARM.attributes
                0x0000045c       0x2c c:/freescale/kds_v3/toolchain/bin/../lib/gcc/arm-none-eabi/4.8.4/../../../../arm-none-eabi/lib/armv6-m\libstdc++_s.a(new_op.o)
 .ARM.attributes
                0x00000488       0x2c c:/freescale/kds_v3/toolchain/bin/../lib/gcc/arm-none-eabi/4.8.4/../../../../arm-none-eabi/lib/armv6-m\libstdc++_s.a(del_op.o)
 .ARM.attributes
                0x000004b4       0x2c c:/freescale/kds_v3/toolchain/bin/../lib/gcc/arm-none-eabi/4.8.4/../../../../arm-none-eabi/lib/armv6-m\libstdc++_s.a(new_handler.o)
 .ARM.attributes
                0x000004e0       0x2c c:/freescale/kds_v3/toolchain/bin/../lib/gcc/arm-none-eabi/4.8.4/../../../../arm-none-eabi/lib/armv6-m\libstdc++_s.a(eh_unex_handler.o)
 .ARM.attributes
                0x0000050c       0x2c c:/freescale/kds_v3/toolchain/bin/../lib/gcc/arm-none-eabi/4.8.4/../../../../arm-none-eabi/lib/armv6-m\libstdc++_s.a(eh_globals.o)
 .ARM.attributes
                0x00000538       0x2c c:/freescale/kds_v3/toolchain/bin/../lib/gcc/arm-none-eabi/4.8.4/../../../../arm-none-eabi/lib/armv6-m\libstdc++_s.a(eh_term_handler.o)
 .ARM.attributes
                0x00000564       0x2c c:/freescale/kds_v3/toolchain/bin/../lib/gcc/arm-none-eabi/4.8.4/../../../../arm-none-eabi/lib/armv6-m\libstdc++_s.a(vterminate.o)
 .ARM.attributes
                0x00000590       0x2c c:/freescale/kds_v3/toolchain/bin/../lib/gcc/arm-none-eabi/4.8.4/../../../../arm-none-eabi/lib/armv6-m\libstdc++_s.a(eh_type.o)
 .ARM.attributes
                0x000005bc       0x2c c:/freescale/kds_v3/toolchain/bin/../lib/gcc/arm-none-eabi/4.8.4/../../../../arm-none-eabi/lib/armv6-m\libstdc++_s.a(eh_exception.o)
 .ARM.attributes
                0x000005e8       0x2c c:/freescale/kds_v3/toolchain/bin/../lib/gcc/arm-none-eabi/4.8.4/../../../../arm-none-eabi/lib/armv6-m\libstdc++_s.a(eh_call.o)
 .ARM.attributes
                0x00000614       0x2c c:/freescale/kds_v3/toolchain/bin/../lib/gcc/arm-none-eabi/4.8.4/../../../../arm-none-eabi/lib/armv6-m\libstdc++_s.a(cp-demangle.o)
 .ARM.attributes
                0x00000640       0x2c c:/freescale/kds_v3/toolchain/bin/../lib/gcc/arm-none-eabi/4.8.4/../../../../arm-none-eabi/lib/armv6-m\libstdc++_s.a(eh_catch.o)
 .ARM.attributes
                0x0000066c       0x2c c:/freescale/kds_v3/toolchain/bin/../lib/gcc/arm-none-eabi/4.8.4/../../../../arm-none-eabi/lib/armv6-m\libstdc++_s.a(class_type_info.o)
 .ARM.attributes
                0x00000698       0x2c c:/freescale/kds_v3/toolchain/bin/../lib/gcc/arm-none-eabi/4.8.4/../../../../arm-none-eabi/lib/armv6-m\libstdc++_s.a(si_class_type_info.o)
 .ARM.attributes
                0x000006c4       0x2c c:/freescale/kds_v3/toolchain/bin/../lib/gcc/arm-none-eabi/4.8.4/../../../../arm-none-eabi/lib/armv6-m\libstdc++_s.a(tinfo.o)
 .ARM.attributes
                0x000006f0       0x1e c:/freescale/kds_v3/toolchain/bin/../lib/gcc/arm-none-eabi/4.8.4/armv6-m\libgcc.a(_udivsi3.o)
 .ARM.attributes
                0x0000070e       0x1e c:/freescale/kds_v3/toolchain/bin/../lib/gcc/arm-none-eabi/4.8.4/armv6-m\libgcc.a(_dvmd_tls.o)
 .ARM.attributes
                0x0000072c       0x2c c:/freescale/kds_v3/toolchain/bin/../lib/gcc/arm-none-eabi/4.8.4/armv6-m\libgcc.a(_fixunsdfsi.o)
 .ARM.attributes
                0x00000758       0x2c c:/freescale/kds_v3/toolchain/bin/../lib/gcc/arm-none-eabi/4.8.4/armv6-m\libgcc.a(muldf3.o)
 .ARM.attributes
                0x00000784       0x2c c:/freescale/kds_v3/toolchain/bin/../lib/gcc/arm-none-eabi/4.8.4/armv6-m\libgcc.a(subdf3.o)
 .ARM.attributes
                0x000007b0       0x2c c:/freescale/kds_v3/toolchain/bin/../lib/gcc/arm-none-eabi/4.8.4/armv6-m\libgcc.a(fixdfsi.o)
 .ARM.attributes
                0x000007dc       0x2c c:/freescale/kds_v3/toolchain/bin/../lib/gcc/arm-none-eabi/4.8.4/armv6-m\libgcc.a(floatunsidf.o)
 .ARM.attributes
                0x00000808       0x2c c:/freescale/kds_v3/toolchain/bin/../lib/gcc/arm-none-eabi/4.8.4/armv6-m\libgcc.a(unwind-arm.o)
 .ARM.attributes
                0x00000834       0x1e c:/freescale/kds_v3/toolchain/bin/../lib/gcc/arm-none-eabi/4.8.4/armv6-m\libgcc.a(libunwind.o)
 .ARM.attributes
                0x00000852       0x2c c:/freescale/kds_v3/toolchain/bin/../lib/gcc/arm-none-eabi/4.8.4/armv6-m\libgcc.a(pr-support.o)
 .ARM.attributes
                0x0000087e       0x1e c:/freescale/kds_v3/toolchain/bin/../lib/gcc/arm-none-eabi/4.8.4/armv6-m\libgcc.a(_arm_cmpdf2.o)
 .ARM.attributes
                0x0000089c       0x1e c:/freescale/kds_v3/toolchain/bin/../lib/gcc/arm-none-eabi/4.8.4/armv6-m\libgcc.a(_clzsi2.o)
 .ARM.attributes
                0x000008ba       0x2c c:/freescale/kds_v3/toolchain/bin/../lib/gcc/arm-none-eabi/4.8.4/armv6-m\libgcc.a(eqdf2.o)
 .ARM.attributes
                0x000008e6       0x2c c:/freescale/kds_v3/toolchain/bin/../lib/gcc/arm-none-eabi/4.8.4/armv6-m\libgcc.a(gedf2.o)
 .ARM.attributes
                0x00000912       0x2c c:/freescale/kds_v3/toolchain/bin/../lib/gcc/arm-none-eabi/4.8.4/armv6-m\libgcc.a(ledf2.o)
 .ARM.attributes
                0x0000093e       0x2c c:/freescale/kds_v3/toolchain/bin/../lib/gcc/arm-none-eabi/4.8.4/../../../../arm-none-eabi/lib/armv6-m\libg_s.a(lib_a-abort.o)
 .ARM.attributes